Archive member included to satisfy reference by file (symbol)

/home/evgen/src/edk2/Build/OvmfX64/DEBUG_GCC5/X64/MdeModulePkg/Core/DxeIplPeim/DxeIpl/OUTPUT/DxeIpl.lib(DxeLoad.obj)
                              (--whole-archive)
/home/evgen/src/edk2/Build/OvmfX64/DEBUG_GCC5/X64/MdeModulePkg/Core/DxeIplPeim/DxeIpl/OUTPUT/DxeIpl.lib(VirtualMemory.obj)
                              (--whole-archive)
/home/evgen/src/edk2/Build/OvmfX64/DEBUG_GCC5/X64/MdeModulePkg/Core/DxeIplPeim/DxeIpl/OUTPUT/DxeIpl.lib(DxeLoadFunc.obj)
                              (--whole-archive)
/home/evgen/src/edk2/Build/OvmfX64/DEBUG_GCC5/X64/MdeModulePkg/Core/DxeIplPeim/DxeIpl/OUTPUT/DxeIpl.lib(AutoGen.obj)
                              (--whole-archive)
/home/evgen/src/edk2/Build/OvmfX64/DEBUG_GCC5/X64/MdePkg/Library/RegisterFilterLibNull/RegisterFilterLibNull/OUTPUT/FilterLibNull.lib(RegisterFilterLibNull.obj)
                              (--whole-archive)
/home/evgen/src/edk2/Build/OvmfX64/DEBUG_GCC5/X64/MdePkg/Library/PeiServicesTablePointerLibIdt/PeiServicesTablePointerLibIdt/OUTPUT/PeiServicesTablePointerLibIdt.lib(PeiServicesTablePointer.obj)
                              (--whole-archive)
/home/evgen/src/edk2/Build/OvmfX64/DEBUG_GCC5/X64/MdePkg/Library/BaseLib/BaseLib/OUTPUT/BaseLib.lib(CheckSum.obj)
                              (--whole-archive)
/home/evgen/src/edk2/Build/OvmfX64/DEBUG_GCC5/X64/MdePkg/Library/BaseLib/BaseLib/OUTPUT/BaseLib.lib(SwitchStack.obj)
                              (--whole-archive)
/home/evgen/src/edk2/Build/OvmfX64/DEBUG_GCC5/X64/MdePkg/Library/BaseLib/BaseLib/OUTPUT/BaseLib.lib(SwapBytes64.obj)
                              (--whole-archive)
/home/evgen/src/edk2/Build/OvmfX64/DEBUG_GCC5/X64/MdePkg/Library/BaseLib/BaseLib/OUTPUT/BaseLib.lib(SwapBytes32.obj)
                              (--whole-archive)
/home/evgen/src/edk2/Build/OvmfX64/DEBUG_GCC5/X64/MdePkg/Library/BaseLib/BaseLib/OUTPUT/BaseLib.lib(SwapBytes16.obj)
                              (--whole-archive)
/home/evgen/src/edk2/Build/OvmfX64/DEBUG_GCC5/X64/MdePkg/Library/BaseLib/BaseLib/OUTPUT/BaseLib.lib(LongJump.obj)
                              (--whole-archive)
/home/evgen/src/edk2/Build/OvmfX64/DEBUG_GCC5/X64/MdePkg/Library/BaseLib/BaseLib/OUTPUT/BaseLib.lib(SetJump.obj)
                              (--whole-archive)
/home/evgen/src/edk2/Build/OvmfX64/DEBUG_GCC5/X64/MdePkg/Library/BaseLib/BaseLib/OUTPUT/BaseLib.lib(QuickSort.obj)
                              (--whole-archive)
/home/evgen/src/edk2/Build/OvmfX64/DEBUG_GCC5/X64/MdePkg/Library/BaseLib/BaseLib/OUTPUT/BaseLib.lib(RShiftU64.obj)
                              (--whole-archive)
/home/evgen/src/edk2/Build/OvmfX64/DEBUG_GCC5/X64/MdePkg/Library/BaseLib/BaseLib/OUTPUT/BaseLib.lib(RRotU64.obj)
                              (--whole-archive)
/home/evgen/src/edk2/Build/OvmfX64/DEBUG_GCC5/X64/MdePkg/Library/BaseLib/BaseLib/OUTPUT/BaseLib.lib(RRotU32.obj)
                              (--whole-archive)
/home/evgen/src/edk2/Build/OvmfX64/DEBUG_GCC5/X64/MdePkg/Library/BaseLib/BaseLib/OUTPUT/BaseLib.lib(MultU64x64.obj)
                              (--whole-archive)
/home/evgen/src/edk2/Build/OvmfX64/DEBUG_GCC5/X64/MdePkg/Library/BaseLib/BaseLib/OUTPUT/BaseLib.lib(MultU64x32.obj)
                              (--whole-archive)
/home/evgen/src/edk2/Build/OvmfX64/DEBUG_GCC5/X64/MdePkg/Library/BaseLib/BaseLib/OUTPUT/BaseLib.lib(MultS64x64.obj)
                              (--whole-archive)
/home/evgen/src/edk2/Build/OvmfX64/DEBUG_GCC5/X64/MdePkg/Library/BaseLib/BaseLib/OUTPUT/BaseLib.lib(ModU64x32.obj)
                              (--whole-archive)
/home/evgen/src/edk2/Build/OvmfX64/DEBUG_GCC5/X64/MdePkg/Library/BaseLib/BaseLib/OUTPUT/BaseLib.lib(LShiftU64.obj)
                              (--whole-archive)
/home/evgen/src/edk2/Build/OvmfX64/DEBUG_GCC5/X64/MdePkg/Library/BaseLib/BaseLib/OUTPUT/BaseLib.lib(LRotU64.obj)
                              (--whole-archive)
/home/evgen/src/edk2/Build/OvmfX64/DEBUG_GCC5/X64/MdePkg/Library/BaseLib/BaseLib/OUTPUT/BaseLib.lib(LRotU32.obj)
                              (--whole-archive)
/home/evgen/src/edk2/Build/OvmfX64/DEBUG_GCC5/X64/MdePkg/Library/BaseLib/BaseLib/OUTPUT/BaseLib.lib(LowBitSet64.obj)
                              (--whole-archive)
/home/evgen/src/edk2/Build/OvmfX64/DEBUG_GCC5/X64/MdePkg/Library/BaseLib/BaseLib/OUTPUT/BaseLib.lib(LowBitSet32.obj)
                              (--whole-archive)
/home/evgen/src/edk2/Build/OvmfX64/DEBUG_GCC5/X64/MdePkg/Library/BaseLib/BaseLib/OUTPUT/BaseLib.lib(HighBitSet64.obj)
                              (--whole-archive)
/home/evgen/src/edk2/Build/OvmfX64/DEBUG_GCC5/X64/MdePkg/Library/BaseLib/BaseLib/OUTPUT/BaseLib.lib(HighBitSet32.obj)
                              (--whole-archive)
/home/evgen/src/edk2/Build/OvmfX64/DEBUG_GCC5/X64/MdePkg/Library/BaseLib/BaseLib/OUTPUT/BaseLib.lib(GetPowerOfTwo64.obj)
                              (--whole-archive)
[...]
Memory Configuration

Name             Origin             Length             Attributes
*default*        0x0000000000000000 0xffffffffffffffff

Linker script and memory map

START GROUP
LOAD /tmp/DxeIpl.dll.WVtNm1.ltrans0.ltrans.o
LOAD /tmp/cc6SZD40.debug.temp.o
LOAD /tmp/cc73Su6Z.debug.temp.o
LOAD /tmp/ccvRXVQ0.debug.temp.o
LOAD /tmp/ccAZnqx2.debug.temp.o
LOAD /tmp/cc7BXWz0.debug.temp.o
LOAD /tmp/ccqSYCL1.debug.temp.o
LOAD /tmp/cc9XFnp2.debug.temp.o
LOAD /tmp/ccHX4Ad1.debug.temp.o
LOAD /tmp/ccSu9Du1.debug.temp.o
LOAD /tmp/cc8DKm7Z.debug.temp.o
LOAD /tmp/ccZeYlm3.debug.temp.o
LOAD /tmp/cco7F3m2.debug.temp.o
LOAD /tmp/ccQwSIq0.debug.temp.o
LOAD /tmp/ccQ8uQ01.debug.temp.o
LOAD /tmp/ccgMHvv2.debug.temp.o
LOAD /tmp/cc2Tgr83.debug.temp.o
LOAD /tmp/ccGqQUi2.debug.temp.o
LOAD /tmp/ccBb8km2.debug.temp.o
LOAD /tmp/ccvWzAr1.debug.temp.o
LOAD /tmp/ccQAQck0.debug.temp.o
LOAD /tmp/cc72vK52.debug.temp.o
LOAD /tmp/ccMIoNF0.debug.temp.o
LOAD /tmp/ccumP19Z.debug.temp.o
LOAD /tmp/ccP7wow2.debug.temp.o
LOAD /tmp/ccrK0Pf3.debug.temp.o
LOAD /tmp/cc06AQd0.debug.temp.o
LOAD /tmp/ccrHf213.debug.temp.o
LOAD /tmp/cc8G8ZF2.debug.temp.o
LOAD /tmp/ccItmtH3.debug.temp.o
LOAD /tmp/ccoLsMC0.debug.temp.o
LOAD /tmp/ccpvFee1.debug.temp.o
LOAD /tmp/ccDWaHi1.debug.temp.o
LOAD /tmp/cc0d3eM1.debug.temp.o
LOAD /tmp/ccaHjU6Z.debug.temp.o
LOAD /tmp/ccC3JSr4.debug.temp.o
LOAD /tmp/cctsdKS3.debug.temp.o
LOAD /tmp/ccZbe4R3.debug.temp.o
LOAD /tmp/ccFSGPb0.debug.temp.o
LOAD /tmp/ccqMD1c0.debug.temp.o
LOAD /tmp/ccYdgXv2.debug.temp.o
LOAD /tmp/ccpRZJe4.debug.temp.o
LOAD /tmp/cc4bfXS0.debug.temp.o
LOAD /tmp/ccZj8qZ2.debug.temp.o
LOAD /tmp/ccEp2Jb0.debug.temp.o
LOAD /tmp/ccumGf62.debug.temp.o
LOAD /tmp/ccNLuR10.debug.temp.o
LOAD /tmp/ccPClyo1.debug.temp.o
LOAD /tmp/ccHvpzX3.debug.temp.o
LOAD /tmp/ccGp3wB2.debug.temp.o
LOAD /tmp/cc44f3N1.debug.temp.o
LOAD /tmp/cc0PzOo3.debug.temp.o
LOAD /tmp/cc2Sfkz1.debug.temp.o
LOAD /tmp/ccwMrHg0.debug.temp.o
LOAD /tmp/ccmYOhm0.debug.temp.o
LOAD /tmp/ccE0FH0Z.debug.temp.o
LOAD /tmp/cclsUzN0.debug.temp.o
LOAD /tmp/cc3ASSc2.debug.temp.o
LOAD /tmp/ccmPKvg0.debug.temp.o
LOAD /tmp/cc3ewTV1.debug.temp.o
LOAD /tmp/cctcbvU3.debug.temp.o
LOAD /tmp/ccXhwNB2.debug.temp.o
LOAD /tmp/ccA9ZVY3.debug.temp.o
LOAD /tmp/ccdCXl52.debug.temp.o
LOAD /tmp/cc98h8U1.debug.temp.o
LOAD /tmp/ccuNKo4Z.debug.temp.o
LOAD /tmp/ccWLmhY3.debug.temp.o
LOAD /tmp/ccji0yPZ.debug.temp.o
LOAD /tmp/cc0ifg51.debug.temp.o
LOAD /tmp/ccBYiTd2.debug.temp.o
LOAD /tmp/ccjMWO92.debug.temp.o
LOAD /tmp/ccDgtJf1.debug.temp.o
LOAD /tmp/ccM5trG0.debug.temp.o
LOAD /tmp/ccNWnyA2.debug.temp.o
LOAD /tmp/ccoLjHr0.debug.temp.o
LOAD /tmp/ccEmUmm1.debug.temp.o
LOAD /tmp/ccbVy3w2.debug.temp.o
LOAD /tmp/ccUTdEs0.debug.temp.o
LOAD /tmp/cc7HjfT1.debug.temp.o
LOAD /tmp/ccBZCFW0.debug.temp.o
LOAD /tmp/ccw7k570.debug.temp.o
LOAD /tmp/cc0lUaWZ.debug.temp.o
LOAD /tmp/ccb6FYW1.debug.temp.o
LOAD /tmp/cc03yIb2.debug.temp.o
LOAD /tmp/cc9Gsix1.debug.temp.o
LOAD /tmp/cc7dOSm3.debug.temp.o
LOAD /tmp/cc6n4fz3.debug.temp.o
LOAD /tmp/cc5Fan73.debug.temp.o
LOAD /tmp/ccHKcEu3.debug.temp.o
LOAD /tmp/ccXWAwc3.debug.temp.o
LOAD /tmp/cciNzxI1.debug.temp.o
LOAD /tmp/cckjMUSZ.debug.temp.o
LOAD /tmp/ccYwBtPZ.debug.temp.o
LOAD /tmp/ccuVpFQZ.debug.temp.o
LOAD /tmp/ccAXD182.debug.temp.o
LOAD /tmp/ccbnq2M0.debug.temp.o
LOAD /tmp/ccaxmDk0.debug.temp.o
LOAD /tmp/ccWGH8r4.debug.temp.o
LOAD /tmp/ccHsKbSZ.debug.temp.o
LOAD /tmp/ccwhYKR3.debug.temp.o
LOAD /tmp/ccaLjrC2.debug.temp.o
LOAD /tmp/ccP2IBK0.debug.temp.o
LOAD /tmp/cc7iX5f3.debug.temp.o
LOAD /tmp/ccX8L3K0.debug.temp.o
LOAD /tmp/ccWXBBU1.debug.temp.o
LOAD /tmp/ccEUI0M2.debug.temp.o
LOAD /home/evgen/src/edk2/Build/OvmfX64/DEBUG_GCC5/X64/MdeModulePkg/Core/DxeIplPeim/DxeIpl/OUTPUT/DxeIpl.lib
LOAD /home/evgen/src/edk2/Build/OvmfX64/DEBUG_GCC5/X64/MdePkg/Library/RegisterFilterLibNull/RegisterFilterLibNull/OUTPUT/FilterLibNull.lib
LOAD /home/evgen/src/edk2/Build/OvmfX64/DEBUG_GCC5/X64/MdePkg/Library/PeiServicesTablePointerLibIdt/PeiServicesTablePointerLibIdt/OUTPUT/PeiServicesTablePointerLibIdt.lib
LOAD /home/evgen/src/edk2/Build/OvmfX64/DEBUG_GCC5/X64/MdePkg/Library/BaseLib/BaseLib/OUTPUT/BaseLib.lib
LOAD /home/evgen/src/edk2/Build/OvmfX64/DEBUG_GCC5/X64/MdePkg/Library/PeiHobLib/PeiHobLib/OUTPUT/PeiHobLib.lib
LOAD /home/evgen/src/edk2/Build/OvmfX64/DEBUG_GCC5/X64/MdePkg/Library/PeiServicesLib/PeiServicesLib/OUTPUT/PeiServicesLib.lib
LOAD /home/evgen/src/edk2/Build/OvmfX64/DEBUG_GCC5/X64/MdePkg/Library/BaseMemoryLibRepStr/BaseMemoryLibRepStr/OUTPUT/BaseMemoryLibRepStr.lib
LOAD /home/evgen/src/edk2/Build/OvmfX64/DEBUG_GCC5/X64/MdePkg/Library/PeiMemoryAllocationLib/PeiMemoryAllocationLib/OUTPUT/PeiMemoryAllocationLib.lib
LOAD /home/evgen/src/edk2/Build/OvmfX64/DEBUG_GCC5/X64/MdePkg/Library/PeiPcdLib/PeiPcdLib/OUTPUT/PeiPcdLib.lib
LOAD /home/evgen/src/edk2/Build/OvmfX64/DEBUG_GCC5/X64/MdePkg/Library/TdxLib/TdxLib/OUTPUT/TdxLib.lib
LOAD /home/evgen/src/edk2/Build/OvmfX64/DEBUG_GCC5/X64/OvmfPkg/Library/CcProbeLib/SecPeiCcProbeLib/OUTPUT/SecPeiCcProbeLib.lib
LOAD /home/evgen/src/edk2/Build/OvmfX64/DEBUG_GCC5/X64/MdePkg/Library/BaseDebugPrintErrorLevelLib/BaseDebugPrintErrorLevelLib/OUTPUT/BaseDebugPrintErrorLevelLib.lib
LOAD /home/evgen/src/edk2/Build/OvmfX64/DEBUG_GCC5/X64/MdePkg/Library/BasePrintLib/BasePrintLib/OUTPUT/BasePrintLib.lib
LOAD /home/evgen/src/edk2/Build/OvmfX64/DEBUG_GCC5/X64/MdePkg/Library/BaseIoLibIntrinsic/BaseIoLibIntrinsicSev/OUTPUT/BaseIoLibIntrinsicSev.lib
LOAD /home/evgen/src/edk2/Build/OvmfX64/DEBUG_GCC5/X64/OvmfPkg/Library/PlatformDebugLibIoPort/PlatformDebugLibIoPort/OUTPUT/PlatformDebugLibIoPort.lib
LOAD /home/evgen/src/edk2/Build/OvmfX64/DEBUG_GCC5/X64/MdeModulePkg/Library/OemHookStatusCodeLibNull/OemHookStatusCodeLibNull/OUTPUT/OemHookStatusCodeLibNull.lib
LOAD /home/evgen/src/edk2/Build/OvmfX64/DEBUG_GCC5/X64/MdePkg/Library/PeiExtractGuidedSectionLib/PeiExtractGuidedSectionLib/OUTPUT/PeiExtractGuidedSectionLib.lib
LOAD /home/evgen/src/edk2/Build/OvmfX64/DEBUG_GCC5/X64/MdePkg/Library/BaseUefiDecompressLib/BaseUefiDecompressLib/OUTPUT/BaseUefiDecompressLib.lib
LOAD /home/evgen/src/edk2/Build/OvmfX64/DEBUG_GCC5/X64/MdeModulePkg/Library/PeiReportStatusCodeLib/PeiReportStatusCodeLib/OUTPUT/PeiReportStatusCodeLib.lib
LOAD /home/evgen/src/edk2/Build/OvmfX64/DEBUG_GCC5/X64/MdePkg/Library/PeimEntryPoint/PeimEntryPoint/OUTPUT/PeimEntryPoint.lib
LOAD /home/evgen/src/edk2/Build/OvmfX64/DEBUG_GCC5/X64/MdeModulePkg/Library/DebugAgentLibNull/DebugAgentLibNull/OUTPUT/DebugAgentLibNull.lib
LOAD /home/evgen/src/edk2/Build/OvmfX64/DEBUG_GCC5/X64/MdePkg/Library/BasePerformanceLibNull/BasePerformanceLibNull/OUTPUT/BasePerformanceLibNull.lib
END GROUP
                0x0000000000000228                PECOFF_HEADER_SIZE = 0x228
                0x0000000000000228                . = PECOFF_HEADER_SIZE

.text           0x0000000000000240     0x43d5
 *(.text .text.* .stub .gnu.linkonce.t.*)
 .text.ReportDebugCodeEnabled
                0x0000000000000240        0x3 /tmp/DxeIpl.dll.WVtNm1.ltrans0.ltrans.o
 .text.ReportErrorCodeEnabled
                0x0000000000000243        0x3 /tmp/DxeIpl.dll.WVtNm1.ltrans0.ltrans.o
 .text.DebugPrintEnabled
                0x0000000000000246        0x3 /tmp/DxeIpl.dll.WVtNm1.ltrans0.ltrans.o
 .text.BasePrintLibFillBuffer
                0x0000000000000249       0x2a /tmp/DxeIpl.dll.WVtNm1.ltrans0.ltrans.o
 .text.AsciiStrnLenS
                0x0000000000000273       0x26 /tmp/DxeIpl.dll.WVtNm1.ltrans0.ltrans.o
 .text.CpuDeadLoop
                0x0000000000000299       0x20 /tmp/DxeIpl.dll.WVtNm1.ltrans0.ltrans.o
 .text.PlatformDebugLibIoPortFound
                0x00000000000002b9       0xaf /tmp/DxeIpl.dll.WVtNm1.ltrans0.ltrans.o
 .text.IoWriteFifo8
                0x0000000000000368       0x8e /tmp/DxeIpl.dll.WVtNm1.ltrans0.ltrans.o
 .text.DebugAssert
                0x00000000000003f6       0x5c /tmp/DxeIpl.dll.WVtNm1.ltrans0.ltrans.o
 .text.SwitchStack.constprop.0
                0x0000000000000452       0xa2 /tmp/DxeIpl.dll.WVtNm1.ltrans0.ltrans.o
 .text.GetNextHob
                0x00000000000004f4       0x51 /tmp/DxeIpl.dll.WVtNm1.ltrans0.ltrans.o
 .text.WriteUnaligned64
                0x0000000000000545        0x7 /tmp/DxeIpl.dll.WVtNm1.ltrans0.ltrans.o
 .text.ReadUnaligned64
                0x000000000000054c       0x2e /tmp/DxeIpl.dll.WVtNm1.ltrans0.ltrans.o
 .text.CompareGuid
                0x000000000000057a       0x50 /tmp/DxeIpl.dll.WVtNm1.ltrans0.ltrans.o
 .text.CopyGuid
                0x00000000000005ca       0x41 /tmp/DxeIpl.dll.WVtNm1.ltrans0.ltrans.o
 .text.ReadUnaligned32
                0x000000000000060b       0x2d /tmp/DxeIpl.dll.WVtNm1.ltrans0.ltrans.o
 .text.ReadUnaligned16
                0x0000000000000638        0x4 /tmp/DxeIpl.dll.WVtNm1.ltrans0.ltrans.o
 .text.BasePrintLibSPrintMarker.constprop.0
                0x000000000000063c      0xa7a /tmp/DxeIpl.dll.WVtNm1.ltrans0.ltrans.o
 .text.BasePrintLibSPrint.constprop.0
                0x00000000000010b6       0x27 /tmp/DxeIpl.dll.WVtNm1.ltrans0.ltrans.o
 .text.DebugPrintMarker.part.0.constprop.0
                0x00000000000010dd       0x42 /tmp/DxeIpl.dll.WVtNm1.ltrans0.ltrans.o
 .text.DebugPrint
                0x000000000000111f       0x32 /tmp/DxeIpl.dll.WVtNm1.ltrans0.ltrans.o
 .text.AsciiSPrint.constprop.0
                0x0000000000001151       0x30 /tmp/DxeIpl.dll.WVtNm1.ltrans0.ltrans.o
 .text.LShiftU64
                0x0000000000001181       0x39 /tmp/DxeIpl.dll.WVtNm1.ltrans0.ltrans.o
 .text.GetPeiServicesTablePointer
                0x00000000000011ba       0x3b /tmp/DxeIpl.dll.WVtNm1.ltrans0.ltrans.o
 .text.PeiServicesLocatePpi.constprop.0
                0x00000000000011f5       0x38 /tmp/DxeIpl.dll.WVtNm1.ltrans0.ltrans.o
 .text.GetPcdPpiPointer
                0x000000000000122d       0x7a /tmp/DxeIpl.dll.WVtNm1.ltrans0.ltrans.o
 .text.LibPcdGetBool.constprop.0
                0x00000000000012a7       0x16 /tmp/DxeIpl.dll.WVtNm1.ltrans0.ltrans.o
 .text.ToSplitPageTable.constprop.0
                0x00000000000012bd       0x65 /tmp/DxeIpl.dll.WVtNm1.ltrans0.ltrans.o
 .text.LibPcdGet64
                0x0000000000001322       0x21 /tmp/DxeIpl.dll.WVtNm1.ltrans0.ltrans.o
 .text.ReportStatusCode
                0x0000000000001343       0x84 /tmp/DxeIpl.dll.WVtNm1.ltrans0.ltrans.o
 .text.AllocatePages
                0x00000000000013c7       0x41 /tmp/DxeIpl.dll.WVtNm1.ltrans0.ltrans.o
 .text.PeiServicesInstallPpi
                0x0000000000001408       0x23 /tmp/DxeIpl.dll.WVtNm1.ltrans0.ltrans.o
 .text.InternalPeiCreateHob
                0x000000000000142b       0x60 /tmp/DxeIpl.dll.WVtNm1.ltrans0.ltrans.o
 .text.BuildGuidHob
                0x000000000000148b       0x65 /tmp/DxeIpl.dll.WVtNm1.ltrans0.ltrans.o
 .text.GetBootModeHob
                0x00000000000014f0       0x5a /tmp/DxeIpl.dll.WVtNm1.ltrans0.ltrans.o
 .text.GetHobList
                0x000000000000154a       0x7b /tmp/DxeIpl.dll.WVtNm1.ltrans0.ltrans.o
 .text.PeiGetExtractGuidedSectionHandlerInfo
                0x00000000000015c5       0xff /tmp/DxeIpl.dll.WVtNm1.ltrans0.ltrans.o
 .text.AllocatePageTableMemory
                0x00000000000016c4      0x271 /tmp/DxeIpl.dll.WVtNm1.ltrans0.ltrans.o
 .text.Split2MPageTo4K.constprop.0
                0x0000000000001935      0x10e /tmp/DxeIpl.dll.WVtNm1.ltrans0.ltrans.o
 .text.CustomGuidedSectionExtract
                0x0000000000001a43      0x309 /tmp/DxeIpl.dll.WVtNm1.ltrans0.ltrans.o
 .text.InstallIplPermanentMemoryPpis
                0x0000000000001d4c      0x17f /tmp/DxeIpl.dll.WVtNm1.ltrans0.ltrans.o
 .text.CopyMem.part.0
                0x0000000000001ecb       0x88 /tmp/DxeIpl.dll.WVtNm1.ltrans0.ltrans.o
 .text.BuildGuidDataHob
                0x0000000000001f53       0x6a /tmp/DxeIpl.dll.WVtNm1.ltrans0.ltrans.o
 .text.Decompress
                0x0000000000001fbd       0xf5 /tmp/DxeIpl.dll.WVtNm1.ltrans0.ltrans.o
 .text.ZeroMem  0x00000000000020b2       0x74 /tmp/DxeIpl.dll.WVtNm1.ltrans0.ltrans.o
 .text.BuildMemoryAllocationHob.constprop.0
                0x0000000000002126       0x83 /tmp/DxeIpl.dll.WVtNm1.ltrans0.ltrans.o
 .text.DxeLoadCore
                0x00000000000021a9     0x104b /tmp/DxeIpl.dll.WVtNm1.ltrans0.ltrans.o
 .text._ModuleEntryPoint
                0x00000000000031f4      0x192 /tmp/DxeIpl.dll.WVtNm1.ltrans0.ltrans.o
                0x00000000000031f4                _ModuleEntryPoint
 *fill*         0x0000000000003386        0xa 
 .text          0x0000000000003390       0x27 /home/evgen/src/edk2/Build/OvmfX64/DEBUG_GCC5/X64/MdePkg/Library/BaseLib/BaseLib/OUTPUT/BaseLib.lib(CpuId.obj)
                0x0000000000003390                AsmCpuid
 *fill*         0x00000000000033b7        0x9 
 .text          0x00000000000033c0        0xf /home/evgen/src/edk2/Build/OvmfX64/DEBUG_GCC5/X64/MdePkg/Library/BaseLib/BaseLib/OUTPUT/BaseLib.lib(SwitchStack.obj)
                0x00000000000033c0                InternalSwitchStack
 *fill*         0x00000000000033cf        0x1 
 .text          0x00000000000033d0       0x81 /home/evgen/src/edk2/Build/OvmfX64/DEBUG_GCC5/X64/MdePkg/Library/BaseLib/BaseLib/OUTPUT/BaseLib.lib(TdVmcall.obj)
                0x00000000000033d0                TdVmCall
 *fill*         0x0000000000003451        0xf 
 .text          0x0000000000003460       0x1d /home/evgen/src/edk2/Build/OvmfX64/DEBUG_GCC5/X64/MdePkg/Library/BaseMemoryLibRepStr/BaseMemoryLibRepStr/OUTPUT/BaseMemoryLibRepStr.lib(ZeroMem.obj)
                0x0000000000003460                InternalMemZeroMem
 *fill*         0x000000000000347d        0x3 
 .text          0x0000000000003480       0x3c /home/evgen/src/edk2/Build/OvmfX64/DEBUG_GCC5/X64/MdePkg/Library/BaseMemoryLibRepStr/BaseMemoryLibRepStr/OUTPUT/BaseMemoryLibRepStr.lib(CopyMem.obj)
                0x0000000000003480                InternalMemCopyMem
 *fill*         0x00000000000034bc        0x4 
 .text          0x00000000000034c0      0x116 /home/evgen/src/edk2/Build/OvmfX64/DEBUG_GCC5/X64/MdePkg/Library/BaseIoLibIntrinsic/BaseIoLibIntrinsicSev/OUTPUT/BaseIoLibIntrinsicSev.lib(IoFifoSev.obj)
                0x00000000000034c0                SevNoRepIo
                0x0000000000003500                SevIoReadFifo8
                0x0000000000003522                SevIoReadFifo16
                0x0000000000003548                SevIoReadFifo32
                0x000000000000356b                SevIoWriteFifo8
                0x000000000000358d                SevIoWriteFifo16
                0x00000000000035b3                SevIoWriteFifo32
 *(.rodata .rodata.* .gnu.linkonce.r.*)
 .rodata.DebugAssert.str1.1
                0x00000000000035d6       0x14 /tmp/DxeIpl.dll.WVtNm1.ltrans0.ltrans.o
 .rodata.SwitchStack.constprop.0.str1.1
                0x00000000000035ea       0xa2 /tmp/DxeIpl.dll.WVtNm1.ltrans0.ltrans.o
 .rodata.GetNextHob.str1.1
                0x000000000000368c       0x50 /tmp/DxeIpl.dll.WVtNm1.ltrans0.ltrans.o
 .rodata.ReadUnaligned64.str1.1
                0x00000000000036dc       0x38 /tmp/DxeIpl.dll.WVtNm1.ltrans0.ltrans.o
                                         0x4f (size before relaxing)
 .rodata.BasePrintLibSPrintMarker.constprop.0.str1.1
                0x0000000000003714      0x171 /tmp/DxeIpl.dll.WVtNm1.ltrans0.ltrans.o
                                        0x174 (size before relaxing)
 *fill*         0x0000000000003885        0x3 
 .rodata.BasePrintLibSPrintMarker.constprop.0
                0x0000000000003888       0xec /tmp/DxeIpl.dll.WVtNm1.ltrans0.ltrans.o
 .rodata.LShiftU64.str1.1
                0x0000000000003974       0x43 /tmp/DxeIpl.dll.WVtNm1.ltrans0.ltrans.o
 .rodata.GetPeiServicesTablePointer.str1.1
                0x00000000000039b7       0x78 /tmp/DxeIpl.dll.WVtNm1.ltrans0.ltrans.o
 .rodata.GetPcdPpiPointer.str1.1
                0x0000000000003a2f       0x82 /tmp/DxeIpl.dll.WVtNm1.ltrans0.ltrans.o
 .rodata.InternalPeiCreateHob.str1.1
                0x0000000000003ab1       0x14 /tmp/DxeIpl.dll.WVtNm1.ltrans0.ltrans.o
 .rodata.BuildGuidHob.str1.1
                0x0000000000003ac5       0x34 /tmp/DxeIpl.dll.WVtNm1.ltrans0.ltrans.o
 .rodata.GetHobList.str1.1
                0x0000000000003af9       0x18 /tmp/DxeIpl.dll.WVtNm1.ltrans0.ltrans.o
 .rodata.AllocatePageTableMemory.str1.1
                0x0000000000003b11       0x81 /tmp/DxeIpl.dll.WVtNm1.ltrans0.ltrans.o
 .rodata.Split2MPageTo4K.constprop.0.str1.1
                0x0000000000003b92       0x65 /tmp/DxeIpl.dll.WVtNm1.ltrans0.ltrans.o
 .rodata.CustomGuidedSectionExtract.str1.1
                0x0000000000003bf7      0x170 /tmp/DxeIpl.dll.WVtNm1.ltrans0.ltrans.o
 .rodata.InstallIplPermanentMemoryPpis.str1.1
                0x0000000000003d67       0x54 /tmp/DxeIpl.dll.WVtNm1.ltrans0.ltrans.o
 .rodata.CopyMem.part.0.str1.1
                0x0000000000003dbb       0xca /tmp/DxeIpl.dll.WVtNm1.ltrans0.ltrans.o
 .rodata.BuildGuidDataHob.str1.1
                0x0000000000003e85       0x28 /tmp/DxeIpl.dll.WVtNm1.ltrans0.ltrans.o
 .rodata.ZeroMem.str1.1
                0x0000000000003ead       0x7f /tmp/DxeIpl.dll.WVtNm1.ltrans0.ltrans.o
 .rodata.BuildMemoryAllocationHob.constprop.0.str1.1
                0x0000000000003f2c       0x4e /tmp/DxeIpl.dll.WVtNm1.ltrans0.ltrans.o
 .rodata.DxeLoadCore.str1.1
                0x0000000000003f7a      0x2ce /tmp/DxeIpl.dll.WVtNm1.ltrans0.ltrans.o
 .rodata.DxeLoadCore.str2.2
                0x0000000000004248       0x2c /tmp/DxeIpl.dll.WVtNm1.ltrans0.ltrans.o
 .rodata._ModuleEntryPoint.str1.1
                0x0000000000004274       0x3a /tmp/DxeIpl.dll.WVtNm1.ltrans0.ltrans.o
 *fill*         0x00000000000042ae        0x2 
 .rodata.mHexStr
                0x00000000000042b0       0x10 /tmp/DxeIpl.dll.WVtNm1.ltrans0.ltrans.o
 .rodata.mWarningString
                0x00000000000042c0       0x96 /tmp/DxeIpl.dll.WVtNm1.ltrans0.ltrans.o
 *fill*         0x0000000000004356        0xa 
 .rodata.mErrorString
                0x0000000000004360      0x2b5 /tmp/DxeIpl.dll.WVtNm1.ltrans0.ltrans.o
 *(.got .got.*)
 .got           0x0000000000004615        0x0 DxeLoad.obj (symbol from plugin)
 .got.plt       0x0000000000004615        0x0 DxeLoad.obj (symbol from plugin)
 *:AutoGen.obj(.data.g*Guid)

.plt            0x0000000000004620        0x0
 .plt           0x0000000000004620        0x0 DxeLoad.obj (symbol from plugin)

.plt.got        0x0000000000004618        0x0
 .plt.got       0x0000000000004618        0x0 DxeLoad.obj (symbol from plugin)

.data           0x0000000000004640      0x1aa
 *(.data .data.* .gnu.linkonce.d.*)
 .data.rel.ro.local.mDecompressPpi
                0x0000000000004640        0x8 /tmp/DxeIpl.dll.WVtNm1.ltrans0.ltrans.o
 *fill*         0x0000000000004648        0x8 
 .data.gEfiPeiDecompressPpiGuid
                0x0000000000004650       0x10 /tmp/DxeIpl.dll.WVtNm1.ltrans0.ltrans.o
 .data.gEfiEndOfPeiSignalPpiGuid
                0x0000000000004660       0x10 /tmp/DxeIpl.dll.WVtNm1.ltrans0.ltrans.o
 .data.rel.ro.local.mDxeIplPpi
                0x0000000000004670        0x8 /tmp/DxeIpl.dll.WVtNm1.ltrans0.ltrans.o
 *fill*         0x0000000000004678        0x8 
 .data.gEfiDxeIplPpiGuid
                0x0000000000004680       0x10 /tmp/DxeIpl.dll.WVtNm1.ltrans0.ltrans.o
 .data.rel.ro.local.mDecompressPpiList
                0x0000000000004690       0x18 /tmp/DxeIpl.dll.WVtNm1.ltrans0.ltrans.o
 .data.rel.ro.local.mCustomGuidedSectionExtractionPpi
                0x00000000000046a8        0x8 /tmp/DxeIpl.dll.WVtNm1.ltrans0.ltrans.o
 .data.gEfiHobMemoryAllocModuleGuid
                0x00000000000046b0       0x10 /tmp/DxeIpl.dll.WVtNm1.ltrans0.ltrans.o
 .data.gEfiHobMemoryAllocStackGuid
                0x00000000000046c0       0x10 /tmp/DxeIpl.dll.WVtNm1.ltrans0.ltrans.o
 .data.rel.ro.local.gEndOfPeiSignalPpi
                0x00000000000046d0       0x18 /tmp/DxeIpl.dll.WVtNm1.ltrans0.ltrans.o
 *fill*         0x00000000000046e8        0x8 
 .data.gEfiVectorHandoffInfoPpiGuid
                0x00000000000046f0       0x10 /tmp/DxeIpl.dll.WVtNm1.ltrans0.ltrans.o
 .data.gEfiPeiLoadFilePpiGuid
                0x0000000000004700       0x10 /tmp/DxeIpl.dll.WVtNm1.ltrans0.ltrans.o
 .data.gEfiPeiReadOnlyVariable2PpiGuid
                0x0000000000004710       0x10 /tmp/DxeIpl.dll.WVtNm1.ltrans0.ltrans.o
 .data.gEfiMemoryTypeInformationGuid
                0x0000000000004720       0x10 /tmp/DxeIpl.dll.WVtNm1.ltrans0.ltrans.o
 .data.gEdkiiPeiCapsuleOnDiskPpiGuid
                0x0000000000004730       0x10 /tmp/DxeIpl.dll.WVtNm1.ltrans0.ltrans.o
 .data.gEdkiiPeiBootInCapsuleOnDiskModePpiGuid
                0x0000000000004740       0x10 /tmp/DxeIpl.dll.WVtNm1.ltrans0.ltrans.o
 .data.gEfiPeiRecoveryModulePpiGuid
                0x0000000000004750       0x10 /tmp/DxeIpl.dll.WVtNm1.ltrans0.ltrans.o
 .data.gEfiPeiS3Resume2PpiGuid
                0x0000000000004760       0x10 /tmp/DxeIpl.dll.WVtNm1.ltrans0.ltrans.o
 .data.gPcdPpiGuid
                0x0000000000004770       0x10 /tmp/DxeIpl.dll.WVtNm1.ltrans0.ltrans.o
 .data.gEfiCallerIdGuid
                0x0000000000004780       0x10 /tmp/DxeIpl.dll.WVtNm1.ltrans0.ltrans.o
 .data.rel.ro.local.mDxeIplPpiList
                0x0000000000004790       0x18 /tmp/DxeIpl.dll.WVtNm1.ltrans0.ltrans.o
 *fill*         0x00000000000047a8        0x8 
 .data.rel.ro.local.mMemoryDiscoveredNotifyList
                0x00000000000047b0       0x18 /tmp/DxeIpl.dll.WVtNm1.ltrans0.ltrans.o
 *fill*         0x00000000000047c8        0x8 
 .data.gEfiPeiMemoryDiscoveredPpiGuid
                0x00000000000047d0       0x10 /tmp/DxeIpl.dll.WVtNm1.ltrans0.ltrans.o
 .data.rel.ro   0x00000000000047e0        0x0 DxeLoad.obj (symbol from plugin)
 *(.bss .bss.*)
 .bss.mPageTablePool
                0x00000000000047e0        0x8 /tmp/DxeIpl.dll.WVtNm1.ltrans0.ltrans.o
 .bss.mDebugIoPortFound
                0x00000000000047e8        0x1 /tmp/DxeIpl.dll.WVtNm1.ltrans0.ltrans.o
 .bss.mDebugIoPortChecked
                0x00000000000047e9        0x1 /tmp/DxeIpl.dll.WVtNm1.ltrans0.ltrans.o

.eh_frame       0x0000000000004800        0x0
 *(.eh_frame)
 .eh_frame      0x0000000000004800        0x0 DxeLoad.obj (symbol from plugin)
 .eh_frame      0x0000000000004800        0x0 DxeLoad.obj (symbol from plugin)

.dynbss         0x0000000000004800        0x0
 .dynbss        0x0000000000004800        0x0 DxeLoad.obj (symbol from plugin)

.gnu.version_d  0x0000000000004800        0x0
 .gnu.version_d
                0x0000000000004800        0x0 DxeLoad.obj (symbol from plugin)

.gnu.version    0x0000000000004800        0x0
 .gnu.version   0x0000000000004800        0x0 DxeLoad.obj (symbol from plugin)

.gnu.version_r  0x0000000000004800        0x0
 .gnu.version_r
                0x0000000000004800        0x0 DxeLoad.obj (symbol from plugin)

.rela           0x0000000000004800       0xf0
 *(.rela .rela.*)
 .rela.plt      0x0000000000004800        0x0 DxeLoad.obj (symbol from plugin)
 .rela.got      0x0000000000004800        0x0 DxeLoad.obj (symbol from plugin)
 .rela.bss      0x0000000000004800        0x0 DxeLoad.obj (symbol from plugin)
 .rela.data.rel.ro
                0x0000000000004800        0x0 DxeLoad.obj (symbol from plugin)
 .rela.ifunc    0x0000000000004800        0x0 DxeLoad.obj (symbol from plugin)
 .rela.data.rel.ro.local.mDecompressPpi
                0x0000000000004800       0x18 DxeLoad.obj (symbol from plugin)
 .rela.data.rel.ro.local.mDxeIplPpi
                0x0000000000004818       0x18 DxeLoad.obj (symbol from plugin)
 .rela.data.rel.ro.local.mDecompressPpiList
                0x0000000000004830       0x30 DxeLoad.obj (symbol from plugin)
 .rela.data.rel.ro.local.mCustomGuidedSectionExtractionPpi
                0x0000000000004860       0x18 DxeLoad.obj (symbol from plugin)
 .rela.data.rel.ro.local.gEndOfPeiSignalPpi
                0x0000000000004878       0x18 DxeLoad.obj (symbol from plugin)
 .rela.data.rel.ro.local.mDxeIplPpiList
                0x0000000000004890       0x30 DxeLoad.obj (symbol from plugin)
 .rela.data.rel.ro.local.mMemoryDiscoveredNotifyList
                0x00000000000048c0       0x30 DxeLoad.obj (symbol from plugin)

.hii
 *(.hii)

.build-id       0x00000000000048f0       0x24
 *(.note.gnu.build-id)
 .note.gnu.build-id
                0x00000000000048f0       0x24 DxeLoad.obj (symbol from plugin)

/DISCARD/
 *(.note.GNU-stack)
 *(.gnu_debuglink)
 *(.interp)
 *(.dynsym)
 *(.dynstr)
 *(.dynamic)
 *(.hash .gnu.hash)
 *(.comment)
OUTPUT(/home/evgen/src/edk2/Build/OvmfX64/DEBUG_GCC5/X64/MdeModulePkg/Core/DxeIplPeim/DxeIpl/DEBUG/DxeIpl.dll elf64-x86-64)

.debug_info     0x0000000000000000    0x1ae8b
 .debug_info    0x0000000000000000     0x5560 /tmp/DxeIpl.dll.WVtNm1.ltrans0.ltrans.o
 .debug_info    0x0000000000005560     0x21de /tmp/cc6SZD40.debug.temp.o
                0x0000000000005560                DxeLoad.c.7ab37e5f
 .debug_info    0x000000000000773e     0x17aa /tmp/cc73Su6Z.debug.temp.o
                0x000000000000773e                VirtualMemory.c.60f8eeb4
 .debug_info    0x0000000000008ee8      0xbff /tmp/ccvRXVQ0.debug.temp.o
                0x0000000000008ee8                DxeLoadFunc.c.f624d789
 .debug_info    0x0000000000009ae7     0x154d /tmp/ccAZnqx2.debug.temp.o
                0x0000000000009ae7                AutoGen.c.ecbcd299
 .debug_info    0x000000000000b034      0x3c1 /tmp/cc7BXWz0.debug.temp.o
                0x000000000000b034                RegisterFilterLibNull.c.fda1165a
 .debug_info    0x000000000000b3f5     0x1187 /tmp/ccqSYCL1.debug.temp.o
                0x000000000000b3f5                PeiServicesTablePointer.c.6ee37bef
 .debug_info    0x000000000000c57c      0x238 /tmp/ccHX4Ad1.debug.temp.o
                0x000000000000c57c                SwitchStack.c.29f851f8
 .debug_info    0x000000000000c7b4      0x2b1 /tmp/cco7F3m2.debug.temp.o
                0x000000000000c7b4                LongJump.c.457a87c0
 .debug_info    0x000000000000ca65      0x2a5 /tmp/ccQwSIq0.debug.temp.o
                0x000000000000ca65                SetJump.c.51e3320e
 .debug_info    0x000000000000cd0a      0x26c /tmp/ccQ8uQ01.debug.temp.o
                0x000000000000cd0a                QuickSort.c.503a5655
 .debug_info    0x000000000000cf76      0x1db /tmp/ccgMHvv2.debug.temp.o
                0x000000000000cf76                RShiftU64.c.bc2d8e57
 .debug_info    0x000000000000d151      0x1db /tmp/ccQAQck0.debug.temp.o
                0x000000000000d151                MultS64x64.c.21e1ad71
 .debug_info    0x000000000000d32c      0x1db /tmp/ccMIoNF0.debug.temp.o
                0x000000000000d32c                LShiftU64.c.09a20d71
 .debug_info    0x000000000000d507      0x1e5 /tmp/ccDWaHi1.debug.temp.o
                0x000000000000d507                DivU64x32Remainder.c.5ad591ee
 .debug_info    0x000000000000d6ec      0x1d0 /tmp/ccZbe4R3.debug.temp.o
                0x000000000000d6ec                CpuDeadLoop.c.814dc345
 .debug_info    0x000000000000d8bc     0x1004 /tmp/ccYdgXv2.debug.temp.o
                0x000000000000d8bc                SafeString.c.bbfe42ba
 .debug_info    0x000000000000e8c0      0x43c /tmp/ccumGf62.debug.temp.o
                0x000000000000e8c0                Math64.c.3bce451c
 .debug_info    0x000000000000ecfc      0x2f0 /tmp/ccNLuR10.debug.temp.o
                0x000000000000ecfc                Unaligned.c.fa2560e6
 .debug_info    0x000000000000efec      0x209 /tmp/cc44f3N1.debug.temp.o
                0x000000000000efec                X86ReadIdtr.c.e20e2f6c
 .debug_info    0x000000000000f1f5      0x458 /tmp/ccdCXl52.debug.temp.o
                0x000000000000f1f5                GccInline.c.582eb7c2
 .debug_info    0x000000000000f64d      0x7d3 /tmp/cc98h8U1.debug.temp.o
                0x000000000000f64d                GccInlinePriv.c.8bd6efed
 .debug_info    0x000000000000fe20      0xe8f /tmp/ccWLmhY3.debug.temp.o
                0x000000000000fe20                HobLib.c.a30bd9ea
 .debug_info    0x0000000000010caf     0x1913 /tmp/ccji0yPZ.debug.temp.o
                0x0000000000010caf                PeiServicesLib.c.64bfe5be
 .debug_info    0x00000000000125c2      0x17a /tmp/ccM5trG0.debug.temp.o
                0x00000000000125c2                ZeroMemWrapper.c.09b43cd6
 .debug_info    0x000000000001273c      0x186 /tmp/ccbVy3w2.debug.temp.o
                0x000000000001273c                SetMem16Wrapper.c.20c884ec
 .debug_info    0x00000000000128c2      0x1bb /tmp/ccUTdEs0.debug.temp.o
                0x00000000000128c2                SetMemWrapper.c.5e64bb45
 .debug_info    0x0000000000012a7d      0x18d /tmp/cc7HjfT1.debug.temp.o
                0x0000000000012a7d                CopyMemWrapper.c.d6033c64
 .debug_info    0x0000000000012c0a      0x265 /tmp/ccw7k570.debug.temp.o
                0x0000000000012c0a                MemLibGuid.c.251b2601
 .debug_info    0x0000000000012e6f      0x783 /tmp/cc0lUaWZ.debug.temp.o
                0x0000000000012e6f                MemoryAllocationLib.c.4f78ff29
 .debug_info    0x00000000000135f2     0x14fe /tmp/ccb6FYW1.debug.temp.o
                0x00000000000135f2                PeiPcdLib.c.1b55f944
 .debug_info    0x0000000000014af0      0x311 /tmp/cc6n4fz3.debug.temp.o
                0x0000000000014af0                SecPeiCcProbeLib.c.9fdfe58e
 .debug_info    0x0000000000014e01      0x18d /tmp/cc5Fan73.debug.temp.o
                0x0000000000014e01                BaseDebugPrintErrorLevelLib.c.371819a1
 .debug_info    0x0000000000014f8e      0x763 /tmp/ccHKcEu3.debug.temp.o
                0x0000000000014f8e                PrintLibInternal.c.d778aa9f
 .debug_info    0x00000000000156f1      0x658 /tmp/ccXWAwc3.debug.temp.o
                0x00000000000156f1                PrintLib.c.244d3152
 .debug_info    0x0000000000015d49      0x2b4 /tmp/ccYwBtPZ.debug.temp.o
                0x0000000000015d49                IoLibGcc.c.83f538ef
 .debug_info    0x0000000000015ffd      0x6c8 /tmp/ccAXD182.debug.temp.o
                0x0000000000015ffd                IoLibInternalTdx.c.59b1593e
 .debug_info    0x00000000000166c5      0x26b /tmp/ccbnq2M0.debug.temp.o
                0x00000000000166c5                IoLibFifo.c.c2bdfabc
 .debug_info    0x0000000000016930      0x1aa /tmp/ccaxmDk0.debug.temp.o
                0x0000000000016930                DebugIoPortQemu.c.c7423979
 .debug_info    0x0000000000016ada      0x3ad /tmp/ccWGH8r4.debug.temp.o
                0x0000000000016ada                DebugLib.c.fb518e1a
 .debug_info    0x0000000000016e87      0x1e7 /tmp/ccHsKbSZ.debug.temp.o
                0x0000000000016e87                DebugLibDetect.c.e2ca121a
 .debug_info    0x000000000001706e      0x2fa /tmp/ccwhYKR3.debug.temp.o
                0x000000000001706e                OemHookStatusCodeLibNull.c.84842fea
 .debug_info    0x0000000000017368      0xc85 /tmp/ccaLjrC2.debug.temp.o
                0x0000000000017368                PeiExtractGuidedSectionLib.c.257b958f
 .debug_info    0x0000000000017fed      0x705 /tmp/ccP2IBK0.debug.temp.o
                0x0000000000017fed                BaseUefiDecompressLib.c.5c4a6749
 .debug_info    0x00000000000186f2     0x1686 /tmp/cc7iX5f3.debug.temp.o
                0x00000000000186f2                ReportStatusCodeLib.c.d32101a6
 .debug_info    0x0000000000019d78     0x1113 /tmp/ccX8L3K0.debug.temp.o
                0x0000000000019d78                PeimEntryPoint.c.b9a18c3e

.debug_abbrev   0x0000000000000000     0x3770
 .debug_abbrev  0x0000000000000000      0x289 /tmp/DxeIpl.dll.WVtNm1.ltrans0.ltrans.o
 .debug_abbrev  0x0000000000000289      0x24d /tmp/cc6SZD40.debug.temp.o
 .debug_abbrev  0x00000000000004d6      0x27c /tmp/cc73Su6Z.debug.temp.o
 .debug_abbrev  0x0000000000000752      0x184 /tmp/ccvRXVQ0.debug.temp.o
 .debug_abbrev  0x00000000000008d6      0x1c8 /tmp/ccAZnqx2.debug.temp.o
 .debug_abbrev  0x0000000000000a9e      0x117 /tmp/cc7BXWz0.debug.temp.o
 .debug_abbrev  0x0000000000000bb5      0x197 /tmp/ccqSYCL1.debug.temp.o
 .debug_abbrev  0x0000000000000d4c       0xf4 /tmp/ccHX4Ad1.debug.temp.o
 .debug_abbrev  0x0000000000000e40       0xd1 /tmp/cco7F3m2.debug.temp.o
 .debug_abbrev  0x0000000000000f11       0xd1 /tmp/ccQwSIq0.debug.temp.o
 .debug_abbrev  0x0000000000000fe2       0xeb /tmp/ccQ8uQ01.debug.temp.o
 .debug_abbrev  0x00000000000010cd       0xb1 /tmp/ccgMHvv2.debug.temp.o
 .debug_abbrev  0x000000000000117e       0xb1 /tmp/ccQAQck0.debug.temp.o
 .debug_abbrev  0x000000000000122f       0xb1 /tmp/ccMIoNF0.debug.temp.o
 .debug_abbrev  0x00000000000012e0       0xb3 /tmp/ccDWaHi1.debug.temp.o
 .debug_abbrev  0x0000000000001393       0xb6 /tmp/ccZbe4R3.debug.temp.o
 .debug_abbrev  0x0000000000001449      0x138 /tmp/ccYdgXv2.debug.temp.o
 .debug_abbrev  0x0000000000001581       0xf9 /tmp/ccumGf62.debug.temp.o
 .debug_abbrev  0x000000000000167a       0xb3 /tmp/ccNLuR10.debug.temp.o
 .debug_abbrev  0x000000000000172d       0xe0 /tmp/cc44f3N1.debug.temp.o
 .debug_abbrev  0x000000000000180d      0x164 /tmp/ccdCXl52.debug.temp.o
 .debug_abbrev  0x0000000000001971      0x17e /tmp/cc98h8U1.debug.temp.o
 .debug_abbrev  0x0000000000001aef      0x1d0 /tmp/ccWLmhY3.debug.temp.o
 .debug_abbrev  0x0000000000001cbf      0x1f3 /tmp/ccji0yPZ.debug.temp.o
 .debug_abbrev  0x0000000000001eb2       0xb1 /tmp/ccM5trG0.debug.temp.o
 .debug_abbrev  0x0000000000001f63       0xb1 /tmp/ccbVy3w2.debug.temp.o
 .debug_abbrev  0x0000000000002014       0xc6 /tmp/ccUTdEs0.debug.temp.o
 .debug_abbrev  0x00000000000020da       0xb6 /tmp/cc7HjfT1.debug.temp.o
 .debug_abbrev  0x0000000000002190       0xce /tmp/ccw7k570.debug.temp.o
 .debug_abbrev  0x000000000000225e      0x171 /tmp/cc0lUaWZ.debug.temp.o
 .debug_abbrev  0x00000000000023cf      0x1cd /tmp/ccb6FYW1.debug.temp.o
 .debug_abbrev  0x000000000000259c       0xfe /tmp/cc6n4fz3.debug.temp.o
 .debug_abbrev  0x000000000000269a       0xc6 /tmp/cc5Fan73.debug.temp.o
 .debug_abbrev  0x0000000000002760      0x149 /tmp/ccHKcEu3.debug.temp.o
 .debug_abbrev  0x00000000000028a9      0x138 /tmp/ccXWAwc3.debug.temp.o
 .debug_abbrev  0x00000000000029e1       0xea /tmp/ccYwBtPZ.debug.temp.o
 .debug_abbrev  0x0000000000002acb      0x155 /tmp/ccAXD182.debug.temp.o
 .debug_abbrev  0x0000000000002c20       0xc2 /tmp/ccbnq2M0.debug.temp.o
 .debug_abbrev  0x0000000000002ce2       0xa2 /tmp/ccaxmDk0.debug.temp.o
 .debug_abbrev  0x0000000000002d84      0x15d /tmp/ccWGH8r4.debug.temp.o
 .debug_abbrev  0x0000000000002ee1       0xc0 /tmp/ccHsKbSZ.debug.temp.o
 .debug_abbrev  0x0000000000002fa1       0xe1 /tmp/ccwhYKR3.debug.temp.o
 .debug_abbrev  0x0000000000003082      0x1ad /tmp/ccaLjrC2.debug.temp.o
 .debug_abbrev  0x000000000000322f      0x1a6 /tmp/ccP2IBK0.debug.temp.o
 .debug_abbrev  0x00000000000033d5      0x211 /tmp/cc7iX5f3.debug.temp.o
 .debug_abbrev  0x00000000000035e6      0x18a /tmp/ccX8L3K0.debug.temp.o

.debug_loc      0x0000000000000000     0x8ee2
 .debug_loc     0x0000000000000000     0x8ee2 /tmp/DxeIpl.dll.WVtNm1.ltrans0.ltrans.o

.debug_aranges  0x0000000000000000      0x3a0
 .debug_aranges
                0x0000000000000000      0x3a0 /tmp/DxeIpl.dll.WVtNm1.ltrans0.ltrans.o

.debug_ranges   0x0000000000000000     0x18c0
 .debug_ranges  0x0000000000000000     0x18c0 /tmp/DxeIpl.dll.WVtNm1.ltrans0.ltrans.o

.debug_line     0x0000000000000000     0x904a
 .debug_line    0x0000000000000000     0x3cc7 /tmp/DxeIpl.dll.WVtNm1.ltrans0.ltrans.o
 .debug_line    0x0000000000003cc7      0x453 /tmp/cc6SZD40.debug.temp.o
 .debug_line    0x000000000000411a      0x3a5 /tmp/cc73Su6Z.debug.temp.o
 .debug_line    0x00000000000044bf      0x369 /tmp/ccvRXVQ0.debug.temp.o
 .debug_line    0x0000000000004828      0x2c9 /tmp/ccAZnqx2.debug.temp.o
 .debug_line    0x0000000000004af1      0x19f /tmp/cc7BXWz0.debug.temp.o
 .debug_line    0x0000000000004c90      0x33b /tmp/ccqSYCL1.debug.temp.o
 .debug_line    0x0000000000004fcb      0x161 /tmp/ccHX4Ad1.debug.temp.o
 .debug_line    0x000000000000512c      0x15e /tmp/cco7F3m2.debug.temp.o
 .debug_line    0x000000000000528a      0x15d /tmp/ccQwSIq0.debug.temp.o
 .debug_line    0x00000000000053e7      0x15f /tmp/ccQ8uQ01.debug.temp.o
 .debug_line    0x0000000000005546      0x126 /tmp/ccgMHvv2.debug.temp.o
 .debug_line    0x000000000000566c      0x127 /tmp/ccQAQck0.debug.temp.o
 .debug_line    0x0000000000005793      0x126 /tmp/ccMIoNF0.debug.temp.o
 .debug_line    0x00000000000058b9      0x12f /tmp/ccDWaHi1.debug.temp.o
 .debug_line    0x00000000000059e8      0x128 /tmp/ccZbe4R3.debug.temp.o
 .debug_line    0x0000000000005b10      0x127 /tmp/ccYdgXv2.debug.temp.o
 .debug_line    0x0000000000005c37      0x123 /tmp/ccumGf62.debug.temp.o
 .debug_line    0x0000000000005d5a      0x126 /tmp/ccNLuR10.debug.temp.o
 .debug_line    0x0000000000005e80      0x161 /tmp/cc44f3N1.debug.temp.o
 .debug_line    0x0000000000005fe1      0x163 /tmp/ccdCXl52.debug.temp.o
 .debug_line    0x0000000000006144      0x167 /tmp/cc98h8U1.debug.temp.o
 .debug_line    0x00000000000062ab      0x28c /tmp/ccWLmhY3.debug.temp.o
 .debug_line    0x0000000000006537      0x316 /tmp/ccji0yPZ.debug.temp.o
 .debug_line    0x000000000000684d      0x14f /tmp/ccM5trG0.debug.temp.o
 .debug_line    0x000000000000699c      0x150 /tmp/ccbVy3w2.debug.temp.o
 .debug_line    0x0000000000006aec      0x14e /tmp/ccUTdEs0.debug.temp.o
 .debug_line    0x0000000000006c3a      0x14f /tmp/cc7HjfT1.debug.temp.o
 .debug_line    0x0000000000006d89      0x14b /tmp/ccw7k570.debug.temp.o
 .debug_line    0x0000000000006ed4      0x268 /tmp/cc0lUaWZ.debug.temp.o
 .debug_line    0x000000000000713c      0x2c4 /tmp/ccb6FYW1.debug.temp.o
 .debug_line    0x0000000000007400      0x195 /tmp/cc6n4fz3.debug.temp.o
 .debug_line    0x0000000000007595      0x174 /tmp/cc5Fan73.debug.temp.o
 .debug_line    0x0000000000007709      0x152 /tmp/ccHKcEu3.debug.temp.o
 .debug_line    0x000000000000785b      0x134 /tmp/ccXWAwc3.debug.temp.o
 .debug_line    0x000000000000798f      0x18c /tmp/ccYwBtPZ.debug.temp.o
 .debug_line    0x0000000000007b1b      0x175 /tmp/ccAXD182.debug.temp.o
 .debug_line    0x0000000000007c90      0x14a /tmp/ccbnq2M0.debug.temp.o
 .debug_line    0x0000000000007dda      0x15b /tmp/ccaxmDk0.debug.temp.o
 .debug_line    0x0000000000007f35      0x154 /tmp/ccWGH8r4.debug.temp.o
 .debug_line    0x0000000000008089      0x15a /tmp/ccHsKbSZ.debug.temp.o
 .debug_line    0x00000000000081e3      0x2d3 /tmp/ccwhYKR3.debug.temp.o
 .debug_line    0x00000000000084b6      0x31a /tmp/ccaLjrC2.debug.temp.o
 .debug_line    0x00000000000087d0      0x180 /tmp/ccP2IBK0.debug.temp.o
 .debug_line    0x0000000000008950      0x3ee /tmp/cc7iX5f3.debug.temp.o
 .debug_line    0x0000000000008d3e      0x30c /tmp/ccX8L3K0.debug.temp.o

.debug_str      0x0000000000000000     0x67b0
 .debug_str     0x0000000000000000      0x25e /tmp/DxeIpl.dll.WVtNm1.ltrans0.ltrans.o
                                        0x270 (size before relaxing)
 .debug_str     0x000000000000025e     0x1ce2 /tmp/cc6SZD40.debug.temp.o
                                       0x212f (size before relaxing)
 .debug_str     0x0000000000001f40      0x662 /tmp/cc73Su6Z.debug.temp.o
                                       0x1534 (size before relaxing)
 .debug_str     0x00000000000025a2       0xeb /tmp/ccvRXVQ0.debug.temp.o
                                        0xfea (size before relaxing)
 .debug_str     0x000000000000268d      0x3b2 /tmp/ccAZnqx2.debug.temp.o
                                       0x18a9 (size before relaxing)
 .debug_str     0x0000000000002a3f      0x1fc /tmp/cc7BXWz0.debug.temp.o
                                        0x47e (size before relaxing)
 .debug_str     0x0000000000002c3b      0x14c /tmp/ccqSYCL1.debug.temp.o
                                       0x1183 (size before relaxing)
 .debug_str     0x0000000000002d87       0xc3 /tmp/ccHX4Ad1.debug.temp.o
                                        0x495 (size before relaxing)
 .debug_str     0x0000000000002e4a       0x69 /tmp/cco7F3m2.debug.temp.o
                                        0x466 (size before relaxing)
 .debug_str     0x0000000000002eb3       0x4f /tmp/ccQwSIq0.debug.temp.o
                                        0x46f (size before relaxing)
 .debug_str     0x0000000000002f02       0xaf /tmp/ccQ8uQ01.debug.temp.o
                                        0x4ac (size before relaxing)
 .debug_str     0x0000000000002fb1       0x40 /tmp/ccgMHvv2.debug.temp.o
                                        0x43c (size before relaxing)
 .debug_str     0x0000000000002ff1       0x5c /tmp/ccQAQck0.debug.temp.o
                                        0x448 (size before relaxing)
 .debug_str     0x000000000000304d       0x38 /tmp/ccMIoNF0.debug.temp.o
                                        0x43c (size before relaxing)
 .debug_str     0x0000000000003085       0x65 /tmp/ccDWaHi1.debug.temp.o
                                        0x455 (size before relaxing)
 .debug_str     0x00000000000030ea       0x46 /tmp/ccZbe4R3.debug.temp.o
                                        0x438 (size before relaxing)
 .debug_str     0x0000000000003130      0x2f3 /tmp/ccYdgXv2.debug.temp.o
                                        0x804 (size before relaxing)
 .debug_str     0x0000000000003423      0x17e /tmp/ccumGf62.debug.temp.o
                                        0x5b6 (size before relaxing)
 .debug_str     0x00000000000035a1       0xbc /tmp/ccNLuR10.debug.temp.o
                                        0x4af (size before relaxing)
 .debug_str     0x000000000000365d       0x46 /tmp/cc44f3N1.debug.temp.o
                                        0x452 (size before relaxing)
 .debug_str     0x00000000000036a3      0x175 /tmp/ccdCXl52.debug.temp.o
                                        0x57a (size before relaxing)
 .debug_str     0x0000000000003818      0x29d /tmp/cc98h8U1.debug.temp.o
                                        0x6d8 (size before relaxing)
 .debug_str     0x0000000000003ab5      0x2af /tmp/ccWLmhY3.debug.temp.o
                                        0xbfc (size before relaxing)
 .debug_str     0x0000000000003d64      0x434 /tmp/ccji0yPZ.debug.temp.o
                                       0x1689 (size before relaxing)
 .debug_str     0x0000000000004198       0xb2 /tmp/ccM5trG0.debug.temp.o
                                        0x32f (size before relaxing)
 .debug_str     0x000000000000424a       0x4a /tmp/ccbVy3w2.debug.temp.o
                                        0x337 (size before relaxing)
 .debug_str     0x0000000000004294       0x50 /tmp/ccUTdEs0.debug.temp.o
                                        0x33b (size before relaxing)
 .debug_str     0x00000000000042e4       0x68 /tmp/cc7HjfT1.debug.temp.o
                                        0x347 (size before relaxing)
 .debug_str     0x000000000000434c       0xec /tmp/ccw7k570.debug.temp.o
                                        0x3db (size before relaxing)
 .debug_str     0x0000000000004438      0x2f8 /tmp/cc0lUaWZ.debug.temp.o
                                        0x7ea (size before relaxing)
 .debug_str     0x0000000000004730      0x8e3 /tmp/ccb6FYW1.debug.temp.o
                                        0xe82 (size before relaxing)
 .debug_str     0x0000000000005013      0x1df /tmp/cc6n4fz3.debug.temp.o
                                        0x518 (size before relaxing)
 .debug_str     0x00000000000051f2      0x107 /tmp/cc5Fan73.debug.temp.o
                                        0x3b7 (size before relaxing)
 .debug_str     0x00000000000052f9      0x314 /tmp/ccHKcEu3.debug.temp.o
                                        0x6c0 (size before relaxing)
 .debug_str     0x000000000000560d      0x183 /tmp/ccXWAwc3.debug.temp.o
                                        0x556 (size before relaxing)
 .debug_str     0x0000000000005790       0xac /tmp/ccYwBtPZ.debug.temp.o
                                        0x396 (size before relaxing)
 .debug_str     0x000000000000583c      0x16e /tmp/ccAXD182.debug.temp.o
                                        0x4aa (size before relaxing)
 .debug_str     0x00000000000059aa       0x43 /tmp/ccbnq2M0.debug.temp.o
                                        0x36d (size before relaxing)
 .debug_str     0x00000000000059ed       0xdb /tmp/ccaxmDk0.debug.temp.o
                                        0x416 (size before relaxing)
 .debug_str     0x0000000000005ac8      0x10f /tmp/ccWGH8r4.debug.temp.o
                                        0x544 (size before relaxing)
 .debug_str     0x0000000000005bd7       0xb1 /tmp/ccHsKbSZ.debug.temp.o
                                        0x470 (size before relaxing)
 .debug_str     0x0000000000005c88      0x192 /tmp/ccwhYKR3.debug.temp.o
                                        0x59d (size before relaxing)
 .debug_str     0x0000000000005e1a      0x2e0 /tmp/ccaLjrC2.debug.temp.o
                                        0xcb8 (size before relaxing)
 .debug_str     0x00000000000060fa      0x2a8 /tmp/ccP2IBK0.debug.temp.o
                                        0x5a7 (size before relaxing)
 .debug_str     0x00000000000063a2      0x351 /tmp/cc7iX5f3.debug.temp.o
                                       0x1607 (size before relaxing)
 .debug_str     0x00000000000066f3       0xbd /tmp/ccX8L3K0.debug.temp.o
                                       0x10da (size before relaxing)

.debug_frame    0x0000000000000000      0xd88
 .debug_frame   0x0000000000000000      0xd88 /tmp/DxeIpl.dll.WVtNm1.ltrans0.ltrans.o
