Archive member included to satisfy reference by file (symbol)

/home/evgen/src/edk2/Build/OvmfX64/DEBUG_GCC5/X64/MdeModulePkg/Universal/StatusCodeHandler/Pei/StatusCodeHandlerPei/OUTPUT/StatusCodeHandlerPei.lib(StatusCodeHandlerPei.obj)
                              (--whole-archive)
/home/evgen/src/edk2/Build/OvmfX64/DEBUG_GCC5/X64/MdeModulePkg/Universal/StatusCodeHandler/Pei/StatusCodeHandlerPei/OUTPUT/StatusCodeHandlerPei.lib(SerialStatusCodeWorker.obj)
                              (--whole-archive)
/home/evgen/src/edk2/Build/OvmfX64/DEBUG_GCC5/X64/MdeModulePkg/Universal/StatusCodeHandler/Pei/StatusCodeHandlerPei/OUTPUT/StatusCodeHandlerPei.lib(MemoryStausCodeWorker.obj)
                              (--whole-archive)
/home/evgen/src/edk2/Build/OvmfX64/DEBUG_GCC5/X64/MdeModulePkg/Universal/StatusCodeHandler/Pei/StatusCodeHandlerPei/OUTPUT/StatusCodeHandlerPei.lib(AutoGen.obj)
                              (--whole-archive)
/home/evgen/src/edk2/Build/OvmfX64/DEBUG_GCC5/X64/MdePkg/Library/PeiMemoryAllocationLib/PeiMemoryAllocationLib/OUTPUT/PeiMemoryAllocationLib.lib(MemoryAllocationLib.obj)
                              (--whole-archive)
/home/evgen/src/edk2/Build/OvmfX64/DEBUG_GCC5/X64/MdePkg/Library/PeiServicesTablePointerLibIdt/PeiServicesTablePointerLibIdt/OUTPUT/PeiServicesTablePointerLibIdt.lib(PeiServicesTablePointer.obj)
                              (--whole-archive)
/home/evgen/src/edk2/Build/OvmfX64/DEBUG_GCC5/X64/MdePkg/Library/RegisterFilterLibNull/RegisterFilterLibNull/OUTPUT/FilterLibNull.lib(RegisterFilterLibNull.obj)
                              (--whole-archive)
/home/evgen/src/edk2/Build/OvmfX64/DEBUG_GCC5/X64/MdePkg/Library/BaseLib/BaseLib/OUTPUT/BaseLib.lib(CheckSum.obj)
                              (--whole-archive)
/home/evgen/src/edk2/Build/OvmfX64/DEBUG_GCC5/X64/MdePkg/Library/BaseLib/BaseLib/OUTPUT/BaseLib.lib(SwitchStack.obj)
                              (--whole-archive)
/home/evgen/src/edk2/Build/OvmfX64/DEBUG_GCC5/X64/MdePkg/Library/BaseLib/BaseLib/OUTPUT/BaseLib.lib(SwapBytes64.obj)
                              (--whole-archive)
/home/evgen/src/edk2/Build/OvmfX64/DEBUG_GCC5/X64/MdePkg/Library/BaseLib/BaseLib/OUTPUT/BaseLib.lib(SwapBytes32.obj)
                              (--whole-archive)
/home/evgen/src/edk2/Build/OvmfX64/DEBUG_GCC5/X64/MdePkg/Library/BaseLib/BaseLib/OUTPUT/BaseLib.lib(SwapBytes16.obj)
                              (--whole-archive)
/home/evgen/src/edk2/Build/OvmfX64/DEBUG_GCC5/X64/MdePkg/Library/BaseLib/BaseLib/OUTPUT/BaseLib.lib(LongJump.obj)
                              (--whole-archive)
/home/evgen/src/edk2/Build/OvmfX64/DEBUG_GCC5/X64/MdePkg/Library/BaseLib/BaseLib/OUTPUT/BaseLib.lib(SetJump.obj)
                              (--whole-archive)
/home/evgen/src/edk2/Build/OvmfX64/DEBUG_GCC5/X64/MdePkg/Library/BaseLib/BaseLib/OUTPUT/BaseLib.lib(QuickSort.obj)
                              (--whole-archive)
/home/evgen/src/edk2/Build/OvmfX64/DEBUG_GCC5/X64/MdePkg/Library/BaseLib/BaseLib/OUTPUT/BaseLib.lib(RShiftU64.obj)
                              (--whole-archive)
/home/evgen/src/edk2/Build/OvmfX64/DEBUG_GCC5/X64/MdePkg/Library/BaseLib/BaseLib/OUTPUT/BaseLib.lib(RRotU64.obj)
                              (--whole-archive)
/home/evgen/src/edk2/Build/OvmfX64/DEBUG_GCC5/X64/MdePkg/Library/BaseLib/BaseLib/OUTPUT/BaseLib.lib(RRotU32.obj)
                              (--whole-archive)
/home/evgen/src/edk2/Build/OvmfX64/DEBUG_GCC5/X64/MdePkg/Library/BaseLib/BaseLib/OUTPUT/BaseLib.lib(MultU64x64.obj)
                              (--whole-archive)
/home/evgen/src/edk2/Build/OvmfX64/DEBUG_GCC5/X64/MdePkg/Library/BaseLib/BaseLib/OUTPUT/BaseLib.lib(MultU64x32.obj)
                              (--whole-archive)
/home/evgen/src/edk2/Build/OvmfX64/DEBUG_GCC5/X64/MdePkg/Library/BaseLib/BaseLib/OUTPUT/BaseLib.lib(MultS64x64.obj)
                              (--whole-archive)
/home/evgen/src/edk2/Build/OvmfX64/DEBUG_GCC5/X64/MdePkg/Library/BaseLib/BaseLib/OUTPUT/BaseLib.lib(ModU64x32.obj)
                              (--whole-archive)
/home/evgen/src/edk2/Build/OvmfX64/DEBUG_GCC5/X64/MdePkg/Library/BaseLib/BaseLib/OUTPUT/BaseLib.lib(LShiftU64.obj)
                              (--whole-archive)
/home/evgen/src/edk2/Build/OvmfX64/DEBUG_GCC5/X64/MdePkg/Library/BaseLib/BaseLib/OUTPUT/BaseLib.lib(LRotU64.obj)
                              (--whole-archive)
/home/evgen/src/edk2/Build/OvmfX64/DEBUG_GCC5/X64/MdePkg/Library/BaseLib/BaseLib/OUTPUT/BaseLib.lib(LRotU32.obj)
                              (--whole-archive)
/home/evgen/src/edk2/Build/OvmfX64/DEBUG_GCC5/X64/MdePkg/Library/BaseLib/BaseLib/OUTPUT/BaseLib.lib(LowBitSet64.obj)
                              (--whole-archive)
/home/evgen/src/edk2/Build/OvmfX64/DEBUG_GCC5/X64/MdePkg/Library/BaseLib/BaseLib/OUTPUT/BaseLib.lib(LowBitSet32.obj)
                              (--whole-archive)
/home/evgen/src/edk2/Build/OvmfX64/DEBUG_GCC5/X64/MdePkg/Library/BaseLib/BaseLib/OUTPUT/BaseLib.lib(HighBitSet64.obj)
[...]
Memory Configuration

Name             Origin             Length             Attributes
*default*        0x0000000000000000 0xffffffffffffffff

Linker script and memory map

START GROUP
LOAD /tmp/StatusCodeHandlerPei.dll.vgKCRr.ltrans0.ltrans.o
LOAD /tmp/ccWI6rnr.debug.temp.o
LOAD /tmp/ccZbqnmr.debug.temp.o
LOAD /tmp/ccmnmt4t.debug.temp.o
LOAD /tmp/ccAgLLUu.debug.temp.o
LOAD /tmp/cck8mIEr.debug.temp.o
LOAD /tmp/ccBhg22s.debug.temp.o
LOAD /tmp/ccKZLAcu.debug.temp.o
LOAD /tmp/ccDlc5Gr.debug.temp.o
LOAD /tmp/ccgWfiFs.debug.temp.o
LOAD /tmp/cc1pS0bv.debug.temp.o
LOAD /tmp/cco6cEJu.debug.temp.o
LOAD /tmp/cc8rDYQq.debug.temp.o
LOAD /tmp/cc2Mbxkr.debug.temp.o
LOAD /tmp/ccIWykzr.debug.temp.o
LOAD /tmp/cc8AAb7t.debug.temp.o
LOAD /tmp/ccCxqYUr.debug.temp.o
LOAD /tmp/ccO8BDzu.debug.temp.o
LOAD /tmp/ccaW7LNq.debug.temp.o
LOAD /tmp/ccSJa5vr.debug.temp.o
LOAD /tmp/ccJjxUWq.debug.temp.o
LOAD /tmp/cc82mtqr.debug.temp.o
LOAD /tmp/cc8nifPt.debug.temp.o
LOAD /tmp/ccOj1iFr.debug.temp.o
LOAD /tmp/ccjZtdEr.debug.temp.o
LOAD /tmp/ccOADNjr.debug.temp.o
LOAD /tmp/ccUns2Sr.debug.temp.o
LOAD /tmp/ccu1mQNs.debug.temp.o
LOAD /tmp/ccunYNpu.debug.temp.o
LOAD /tmp/ccgO5VHr.debug.temp.o
LOAD /tmp/cczjD6Ns.debug.temp.o
LOAD /tmp/cctKR4Qr.debug.temp.o
LOAD /tmp/ccDt4u4t.debug.temp.o
LOAD /tmp/ccXgEKyt.debug.temp.o
LOAD /tmp/ccg7YcYu.debug.temp.o
LOAD /tmp/cceH6UEu.debug.temp.o
LOAD /tmp/ccdSuwJu.debug.temp.o
LOAD /tmp/ccbwL2Ls.debug.temp.o
LOAD /tmp/ccdtdWZq.debug.temp.o
LOAD /tmp/cc3PFdSt.debug.temp.o
LOAD /tmp/cc06NhIr.debug.temp.o
LOAD /tmp/cccdMast.debug.temp.o
LOAD /tmp/ccZWUups.debug.temp.o
LOAD /tmp/ccUDS3or.debug.temp.o
LOAD /tmp/ccRuzqUq.debug.temp.o
LOAD /tmp/ccaqiCBr.debug.temp.o
LOAD /tmp/ccGYcGSr.debug.temp.o
LOAD /tmp/cc7nYPEt.debug.temp.o
LOAD /tmp/ccAze1Pq.debug.temp.o
LOAD /tmp/ccNJqHru.debug.temp.o
LOAD /tmp/cc0O5G5s.debug.temp.o
LOAD /tmp/ccJ7VCUq.debug.temp.o
LOAD /tmp/ccao6Wdr.debug.temp.o
LOAD /tmp/cc3y4Byu.debug.temp.o
LOAD /tmp/cct1jXPs.debug.temp.o
LOAD /tmp/ccUXyvjt.debug.temp.o
LOAD /tmp/ccmewlAq.debug.temp.o
LOAD /tmp/ccEVx5is.debug.temp.o
LOAD /tmp/ccAECTxs.debug.temp.o
LOAD /tmp/ccYZ5Izr.debug.temp.o
LOAD /tmp/ccJNPWxs.debug.temp.o
LOAD /tmp/ccN8Xpeu.debug.temp.o
LOAD /tmp/cc982Stt.debug.temp.o
LOAD /tmp/ccp607ju.debug.temp.o
LOAD /tmp/ccyTGkbs.debug.temp.o
LOAD /tmp/cczoAvwr.debug.temp.o
LOAD /tmp/ccQtSoDr.debug.temp.o
LOAD /tmp/ccoRbfAu.debug.temp.o
LOAD /tmp/ccZURQwu.debug.temp.o
LOAD /tmp/ccw0cOds.debug.temp.o
LOAD /tmp/cc5XCGXt.debug.temp.o
LOAD /tmp/ccZVorQs.debug.temp.o
LOAD /tmp/ccAd3bYu.debug.temp.o
LOAD /tmp/cci104vs.debug.temp.o
LOAD /tmp/ccoRHGHq.debug.temp.o
LOAD /tmp/ccTRx5Sq.debug.temp.o
LOAD /tmp/cccONvsu.debug.temp.o
LOAD /tmp/cc9G5ASs.debug.temp.o
LOAD /tmp/ccexSo2r.debug.temp.o
LOAD /tmp/ccotfOOr.debug.temp.o
LOAD /tmp/ccb2fmis.debug.temp.o
LOAD /tmp/ccRoiT7t.debug.temp.o
LOAD /tmp/cc7Oz5pu.debug.temp.o
LOAD /tmp/ccujpx9u.debug.temp.o
LOAD /tmp/ccUtOTHt.debug.temp.o
LOAD /tmp/ccAKPPDu.debug.temp.o
LOAD /tmp/ccitU7bt.debug.temp.o
LOAD /tmp/ccuPqequ.debug.temp.o
LOAD /tmp/ccBA1d7r.debug.temp.o
LOAD /tmp/ccW0k0Fr.debug.temp.o
LOAD /tmp/ccKIMmYu.debug.temp.o
LOAD /tmp/cc6nt85r.debug.temp.o
LOAD /tmp/ccoSuvQu.debug.temp.o
LOAD /tmp/ccayJfzr.debug.temp.o
LOAD /tmp/ccYcXGvt.debug.temp.o
LOAD /tmp/cchG3ggu.debug.temp.o
LOAD /tmp/cchwCeZt.debug.temp.o
LOAD /tmp/ccA4yVDr.debug.temp.o
LOAD /tmp/ccGsQD8r.debug.temp.o
LOAD /tmp/cc6oIVcu.debug.temp.o
LOAD /tmp/ccSfxYLr.debug.temp.o
LOAD /tmp/ccj3U4Zs.debug.temp.o
LOAD /tmp/cc01JxLq.debug.temp.o
LOAD /home/evgen/src/edk2/Build/OvmfX64/DEBUG_GCC5/X64/MdeModulePkg/Universal/StatusCodeHandler/Pei/StatusCodeHandlerPei/OUTPUT/StatusCodeHandlerPei.lib
LOAD /home/evgen/src/edk2/Build/OvmfX64/DEBUG_GCC5/X64/MdePkg/Library/PeiMemoryAllocationLib/PeiMemoryAllocationLib/OUTPUT/PeiMemoryAllocationLib.lib
LOAD /home/evgen/src/edk2/Build/OvmfX64/DEBUG_GCC5/X64/MdePkg/Library/PeiServicesTablePointerLibIdt/PeiServicesTablePointerLibIdt/OUTPUT/PeiServicesTablePointerLibIdt.lib
LOAD /home/evgen/src/edk2/Build/OvmfX64/DEBUG_GCC5/X64/MdePkg/Library/RegisterFilterLibNull/RegisterFilterLibNull/OUTPUT/FilterLibNull.lib
LOAD /home/evgen/src/edk2/Build/OvmfX64/DEBUG_GCC5/X64/MdePkg/Library/BaseLib/BaseLib/OUTPUT/BaseLib.lib
LOAD /home/evgen/src/edk2/Build/OvmfX64/DEBUG_GCC5/X64/MdePkg/Library/BaseMemoryLibRepStr/BaseMemoryLibRepStr/OUTPUT/BaseMemoryLibRepStr.lib
LOAD /home/evgen/src/edk2/Build/OvmfX64/DEBUG_GCC5/X64/MdePkg/Library/PeiHobLib/PeiHobLib/OUTPUT/PeiHobLib.lib
LOAD /home/evgen/src/edk2/Build/OvmfX64/DEBUG_GCC5/X64/MdePkg/Library/BasePcdLibNull/BasePcdLibNull/OUTPUT/BasePcdLibNull.lib
LOAD /home/evgen/src/edk2/Build/OvmfX64/DEBUG_GCC5/X64/MdePkg/Library/PeiServicesLib/PeiServicesLib/OUTPUT/PeiServicesLib.lib
LOAD /home/evgen/src/edk2/Build/OvmfX64/DEBUG_GCC5/X64/MdePkg/Library/TdxLib/TdxLib/OUTPUT/TdxLib.lib
LOAD /home/evgen/src/edk2/Build/OvmfX64/DEBUG_GCC5/X64/OvmfPkg/Library/CcProbeLib/SecPeiCcProbeLib/OUTPUT/SecPeiCcProbeLib.lib
LOAD /home/evgen/src/edk2/Build/OvmfX64/DEBUG_GCC5/X64/MdePkg/Library/BaseDebugPrintErrorLevelLib/BaseDebugPrintErrorLevelLib/OUTPUT/BaseDebugPrintErrorLevelLib.lib
LOAD /home/evgen/src/edk2/Build/OvmfX64/DEBUG_GCC5/X64/MdePkg/Library/BaseIoLibIntrinsic/BaseIoLibIntrinsicSev/OUTPUT/BaseIoLibIntrinsicSev.lib
LOAD /home/evgen/src/edk2/Build/OvmfX64/DEBUG_GCC5/X64/MdePkg/Library/BasePrintLib/BasePrintLib/OUTPUT/BasePrintLib.lib
LOAD /home/evgen/src/edk2/Build/OvmfX64/DEBUG_GCC5/X64/OvmfPkg/Library/PlatformDebugLibIoPort/PlatformDebugLibIoPort/OUTPUT/PlatformDebugLibIoPort.lib
LOAD /home/evgen/src/edk2/Build/OvmfX64/DEBUG_GCC5/X64/MdeModulePkg/Library/OemHookStatusCodeLibNull/OemHookStatusCodeLibNull/OUTPUT/OemHookStatusCodeLibNull.lib
LOAD /home/evgen/src/edk2/Build/OvmfX64/DEBUG_GCC5/X64/MdePkg/Library/PeimEntryPoint/PeimEntryPoint/OUTPUT/PeimEntryPoint.lib
LOAD /home/evgen/src/edk2/Build/OvmfX64/DEBUG_GCC5/X64/PcAtChipsetPkg/Library/SerialIoLib/SerialIoLib/OUTPUT/PcAtSerialPortLib.lib
LOAD /home/evgen/src/edk2/Build/OvmfX64/DEBUG_GCC5/X64/MdeModulePkg/Library/PeiReportStatusCodeLib/PeiReportStatusCodeLib/OUTPUT/PeiReportStatusCodeLib.lib
END GROUP
                0x0000000000000228                PECOFF_HEADER_SIZE = 0x228
                0x0000000000000228                . = PECOFF_HEADER_SIZE

.text           0x0000000000000240     0x1b75
 *(.text .text.* .stub .gnu.linkonce.t.*)
 .text.DebugPrintEnabled
                0x0000000000000240        0x3 /tmp/StatusCodeHandlerPei.dll.vgKCRr.ltrans0.ltrans.o
 .text.BasePrintLibFillBuffer
                0x0000000000000243       0x2a /tmp/StatusCodeHandlerPei.dll.vgKCRr.ltrans0.ltrans.o
 .text.AsciiStrnLenS
                0x000000000000026d       0x26 /tmp/StatusCodeHandlerPei.dll.vgKCRr.ltrans0.ltrans.o
 .text.TdIoWrite8
                0x0000000000000293       0x61 /tmp/StatusCodeHandlerPei.dll.vgKCRr.ltrans0.ltrans.o
 .text.IoWriteFifo8
                0x00000000000002f4       0x3f /tmp/StatusCodeHandlerPei.dll.vgKCRr.ltrans0.ltrans.o
 .text.IoRead8  0x0000000000000333       0x6c /tmp/StatusCodeHandlerPei.dll.vgKCRr.ltrans0.ltrans.o
 .text.PlatformDebugLibIoPortFound
                0x000000000000039f       0x39 /tmp/StatusCodeHandlerPei.dll.vgKCRr.ltrans0.ltrans.o
 .text.DebugAssert
                0x00000000000003d8       0x6e /tmp/StatusCodeHandlerPei.dll.vgKCRr.ltrans0.ltrans.o
 .text.WriteUnaligned64
                0x0000000000000446        0x7 /tmp/StatusCodeHandlerPei.dll.vgKCRr.ltrans0.ltrans.o
 .text.ReadUnaligned64
                0x000000000000044d        0x4 /tmp/StatusCodeHandlerPei.dll.vgKCRr.ltrans0.ltrans.o
 .text.CompareGuid
                0x0000000000000451       0x45 /tmp/StatusCodeHandlerPei.dll.vgKCRr.ltrans0.ltrans.o
 .text.ReadUnaligned16
                0x0000000000000496        0x4 /tmp/StatusCodeHandlerPei.dll.vgKCRr.ltrans0.ltrans.o
 .text.BasePrintLibSPrintMarker.constprop.0
                0x000000000000049a      0xb3c /tmp/StatusCodeHandlerPei.dll.vgKCRr.ltrans0.ltrans.o
 .text.BasePrintLibSPrint.constprop.0
                0x0000000000000fd6       0x2a /tmp/StatusCodeHandlerPei.dll.vgKCRr.ltrans0.ltrans.o
 .text.DebugPrintMarker.part.0.constprop.0
                0x0000000000001000       0x3e /tmp/StatusCodeHandlerPei.dll.vgKCRr.ltrans0.ltrans.o
 .text.DebugPrint.constprop.0
                0x000000000000103e       0x32 /tmp/StatusCodeHandlerPei.dll.vgKCRr.ltrans0.ltrans.o
 .text.AsciiSPrint
                0x0000000000001070       0x2d /tmp/StatusCodeHandlerPei.dll.vgKCRr.ltrans0.ltrans.o
 .text.GetPeiServicesTablePointer
                0x000000000000109d       0x3b /tmp/StatusCodeHandlerPei.dll.vgKCRr.ltrans0.ltrans.o
 .text.MemoryStatusCodeReportWorker
                0x00000000000010d8      0x14c /tmp/StatusCodeHandlerPei.dll.vgKCRr.ltrans0.ltrans.o
 .text._ModuleEntryPoint
                0x0000000000001224      0x170 /tmp/StatusCodeHandlerPei.dll.vgKCRr.ltrans0.ltrans.o
                0x0000000000001224                _ModuleEntryPoint
 *fill*         0x0000000000001394        0xc 
 .text          0x00000000000013a0       0x81 /home/evgen/src/edk2/Build/OvmfX64/DEBUG_GCC5/X64/MdePkg/Library/BaseLib/BaseLib/OUTPUT/BaseLib.lib(TdVmcall.obj)
                0x00000000000013a0                TdVmCall
 *fill*         0x0000000000001421        0xf 
 .text          0x0000000000001430      0x116 /home/evgen/src/edk2/Build/OvmfX64/DEBUG_GCC5/X64/MdePkg/Library/BaseIoLibIntrinsic/BaseIoLibIntrinsicSev/OUTPUT/BaseIoLibIntrinsicSev.lib(IoFifoSev.obj)
                0x0000000000001430                SevNoRepIo
                0x0000000000001470                SevIoReadFifo8
                0x0000000000001492                SevIoReadFifo16
                0x00000000000014b8                SevIoReadFifo32
                0x00000000000014db                SevIoWriteFifo8
                0x00000000000014fd                SevIoWriteFifo16
                0x0000000000001523                SevIoWriteFifo32
 *(.rodata .rodata.* .gnu.linkonce.r.*)
 .rodata.DebugAssert.str1.1
                0x0000000000001546       0x14 /tmp/StatusCodeHandlerPei.dll.vgKCRr.ltrans0.ltrans.o
 .rodata.BasePrintLibSPrintMarker.constprop.0.str1.1
                0x000000000000155a      0x1cc /tmp/StatusCodeHandlerPei.dll.vgKCRr.ltrans0.ltrans.o
 *fill*         0x0000000000001726        0x2 
 .rodata.BasePrintLibSPrintMarker.constprop.0
                0x0000000000001728       0xec /tmp/StatusCodeHandlerPei.dll.vgKCRr.ltrans0.ltrans.o
 .rodata.GetPeiServicesTablePointer.str1.1
                0x0000000000001814       0x78 /tmp/StatusCodeHandlerPei.dll.vgKCRr.ltrans0.ltrans.o
 .rodata.MemoryStatusCodeReportWorker.str1.1
                0x000000000000188c      0x122 /tmp/StatusCodeHandlerPei.dll.vgKCRr.ltrans0.ltrans.o
 .rodata._ModuleEntryPoint.str1.1
                0x00000000000019ae       0x8a /tmp/StatusCodeHandlerPei.dll.vgKCRr.ltrans0.ltrans.o
 *fill*         0x0000000000001a38        0x8 
 .rodata.mHexStr
                0x0000000000001a40       0x10 /tmp/StatusCodeHandlerPei.dll.vgKCRr.ltrans0.ltrans.o
 *fill*         0x0000000000001a50       0x10 
 .rodata.mWarningString
                0x0000000000001a60       0x96 /tmp/StatusCodeHandlerPei.dll.vgKCRr.ltrans0.ltrans.o
 *fill*         0x0000000000001af6        0xa 
 .rodata.mErrorString
                0x0000000000001b00      0x2b5 /tmp/StatusCodeHandlerPei.dll.vgKCRr.ltrans0.ltrans.o
 *(.got .got.*)
 .got           0x0000000000001db5        0x0 StatusCodeHandlerPei.obj (symbol from plugin)
 .got.plt       0x0000000000001db5        0x0 StatusCodeHandlerPei.obj (symbol from plugin)
 *:AutoGen.obj(.data.g*Guid)

.plt            0x0000000000001dc0        0x0
 .plt           0x0000000000001dc0        0x0 StatusCodeHandlerPei.obj (symbol from plugin)

.plt.got        0x0000000000001db8        0x0
 .plt.got       0x0000000000001db8        0x0 StatusCodeHandlerPei.obj (symbol from plugin)

.data           0x0000000000001dc0       0x22
 *(.data .data.* .gnu.linkonce.d.*)
 .data.gMemoryStatusCodeRecordGuid
                0x0000000000001dc0       0x10 /tmp/StatusCodeHandlerPei.dll.vgKCRr.ltrans0.ltrans.o
 .data.gEfiPeiRscHandlerPpiGuid
                0x0000000000001dd0       0x10 /tmp/StatusCodeHandlerPei.dll.vgKCRr.ltrans0.ltrans.o
 .data.rel.ro   0x0000000000001de0        0x0 StatusCodeHandlerPei.obj (symbol from plugin)
 *(.bss .bss.*)
 .bss.mDebugIoPortFound
                0x0000000000001de0        0x1 /tmp/StatusCodeHandlerPei.dll.vgKCRr.ltrans0.ltrans.o
 .bss.mDebugIoPortChecked
                0x0000000000001de1        0x1 /tmp/StatusCodeHandlerPei.dll.vgKCRr.ltrans0.ltrans.o

.eh_frame       0x0000000000001e00        0x0
 *(.eh_frame)
 .eh_frame      0x0000000000001e00        0x0 StatusCodeHandlerPei.obj (symbol from plugin)
 .eh_frame      0x0000000000001e00        0x0 StatusCodeHandlerPei.obj (symbol from plugin)

.dynbss         0x0000000000001e00        0x0
 .dynbss        0x0000000000001e00        0x0 StatusCodeHandlerPei.obj (symbol from plugin)

.gnu.version_d  0x0000000000001e00        0x0
 .gnu.version_d
                0x0000000000001e00        0x0 StatusCodeHandlerPei.obj (symbol from plugin)

.gnu.version    0x0000000000001e00        0x0
 .gnu.version   0x0000000000001e00        0x0 StatusCodeHandlerPei.obj (symbol from plugin)

.gnu.version_r  0x0000000000001e00        0x0
 .gnu.version_r
                0x0000000000001e00        0x0 StatusCodeHandlerPei.obj (symbol from plugin)

.rela           0x0000000000001e00        0x0
 *(.rela .rela.*)
 .rela.plt      0x0000000000001e00        0x0 StatusCodeHandlerPei.obj (symbol from plugin)
 .rela.got      0x0000000000001e00        0x0 StatusCodeHandlerPei.obj (symbol from plugin)
 .rela.bss      0x0000000000001e00        0x0 StatusCodeHandlerPei.obj (symbol from plugin)
 .rela.data.rel.ro
                0x0000000000001e00        0x0 StatusCodeHandlerPei.obj (symbol from plugin)
 .rela.ifunc    0x0000000000001e00        0x0 StatusCodeHandlerPei.obj (symbol from plugin)

.hii
 *(.hii)

.build-id       0x0000000000001e00       0x24
 *(.note.gnu.build-id)
 .note.gnu.build-id
                0x0000000000001e00       0x24 StatusCodeHandlerPei.obj (symbol from plugin)

/DISCARD/
 *(.note.GNU-stack)
 *(.gnu_debuglink)
 *(.interp)
 *(.dynsym)
 *(.dynstr)
 *(.dynamic)
 *(.hash .gnu.hash)
 *(.comment)
OUTPUT(/home/evgen/src/edk2/Build/OvmfX64/DEBUG_GCC5/X64/MdeModulePkg/Universal/StatusCodeHandler/Pei/StatusCodeHandlerPei/DEBUG/StatusCodeHandlerPei.dll elf64-x86-64)

.debug_info     0x0000000000000000    0x147f9
 .debug_info    0x0000000000000000     0x20b4 /tmp/StatusCodeHandlerPei.dll.vgKCRr.ltrans0.ltrans.o
 .debug_info    0x00000000000020b4     0x133c /tmp/ccWI6rnr.debug.temp.o
                0x00000000000020b4                StatusCodeHandlerPei.c.3b2fa739
 .debug_info    0x00000000000033f0     0x1446 /tmp/ccZbqnmr.debug.temp.o
                0x00000000000033f0                SerialStatusCodeWorker.c.4f025743
 .debug_info    0x0000000000004836     0x1957 /tmp/ccmnmt4t.debug.temp.o
                0x0000000000004836                MemoryStausCodeWorker.c.e06a5961
 .debug_info    0x000000000000618d     0x13b4 /tmp/ccAgLLUu.debug.temp.o
                0x000000000000618d                AutoGen.c.d88b0db8
 .debug_info    0x0000000000007541     0x1187 /tmp/ccBhg22s.debug.temp.o
                0x0000000000007541                PeiServicesTablePointer.c.6ee37bef
 .debug_info    0x00000000000086c8      0x3c1 /tmp/ccKZLAcu.debug.temp.o
                0x00000000000086c8                RegisterFilterLibNull.c.fda1165a
 .debug_info    0x0000000000008a89      0x533 /tmp/ccDlc5Gr.debug.temp.o
                0x0000000000008a89                CheckSum.c.68805883
 .debug_info    0x0000000000008fbc      0x238 /tmp/ccgWfiFs.debug.temp.o
                0x0000000000008fbc                SwitchStack.c.29f851f8
 .debug_info    0x00000000000091f4      0x2b1 /tmp/cc2Mbxkr.debug.temp.o
                0x00000000000091f4                LongJump.c.457a87c0
 .debug_info    0x00000000000094a5      0x2a5 /tmp/ccIWykzr.debug.temp.o
                0x00000000000094a5                SetJump.c.51e3320e
 .debug_info    0x000000000000974a      0x26c /tmp/cc8AAb7t.debug.temp.o
                0x000000000000974a                QuickSort.c.503a5655
 .debug_info    0x00000000000099b6      0x1db /tmp/cc82mtqr.debug.temp.o
                0x00000000000099b6                MultS64x64.c.21e1ad71
 .debug_info    0x0000000000009b91      0x1e5 /tmp/ccXgEKyt.debug.temp.o
                0x0000000000009b91                DivU64x32Remainder.c.5ad591ee
 .debug_info    0x0000000000009d76      0x1d0 /tmp/ccdtdWZq.debug.temp.o
                0x0000000000009d76                CpuDeadLoop.c.814dc345
 .debug_info    0x0000000000009f46     0x1004 /tmp/cccdMast.debug.temp.o
                0x0000000000009f46                SafeString.c.bbfe42ba
 .debug_info    0x000000000000af4a      0x7f3 /tmp/ccZWUups.debug.temp.o
                0x000000000000af4a                String.c.0b0dd5f4
 .debug_info    0x000000000000b73d      0x43c /tmp/ccGYcGSr.debug.temp.o
                0x000000000000b73d                Math64.c.3bce451c
 .debug_info    0x000000000000bb79      0x2f0 /tmp/cc7nYPEt.debug.temp.o
                0x000000000000bb79                Unaligned.c.fa2560e6
 .debug_info    0x000000000000be69      0x209 /tmp/ccJ7VCUq.debug.temp.o
                0x000000000000be69                X86ReadIdtr.c.e20e2f6c
 .debug_info    0x000000000000c072      0x458 /tmp/ccyTGkbs.debug.temp.o
                0x000000000000c072                GccInline.c.582eb7c2
 .debug_info    0x000000000000c4ca      0x7d3 /tmp/cczoAvwr.debug.temp.o
                0x000000000000c4ca                GccInlinePriv.c.8bd6efed
 .debug_info    0x000000000000cc9d      0x265 /tmp/ccotfOOr.debug.temp.o
                0x000000000000cc9d                MemLibGuid.c.251b2601
 .debug_info    0x000000000000cf02      0xe8f /tmp/ccb2fmis.debug.temp.o
                0x000000000000cf02                HobLib.c.a30bd9ea
 .debug_info    0x000000000000dd91     0x1913 /tmp/cc7Oz5pu.debug.temp.o
                0x000000000000dd91                PeiServicesLib.c.64bfe5be
 .debug_info    0x000000000000f6a4      0x311 /tmp/ccitU7bt.debug.temp.o
                0x000000000000f6a4                SecPeiCcProbeLib.c.9fdfe58e
 .debug_info    0x000000000000f9b5      0x18d /tmp/ccuPqequ.debug.temp.o
                0x000000000000f9b5                BaseDebugPrintErrorLevelLib.c.371819a1
 .debug_info    0x000000000000fb42      0x2b4 /tmp/ccKIMmYu.debug.temp.o
                0x000000000000fb42                IoLibGcc.c.83f538ef
 .debug_info    0x000000000000fdf6      0x6c8 /tmp/ccoSuvQu.debug.temp.o
                0x000000000000fdf6                IoLibInternalTdx.c.59b1593e
 .debug_info    0x00000000000104be      0x26b /tmp/ccayJfzr.debug.temp.o
                0x00000000000104be                IoLibFifo.c.c2bdfabc
 .debug_info    0x0000000000010729      0x763 /tmp/ccYcXGvt.debug.temp.o
                0x0000000000010729                PrintLibInternal.c.d778aa9f
 .debug_info    0x0000000000010e8c      0x658 /tmp/cchG3ggu.debug.temp.o
                0x0000000000010e8c                PrintLib.c.244d3152
 .debug_info    0x00000000000114e4      0x1aa /tmp/cchwCeZt.debug.temp.o
                0x00000000000114e4                DebugIoPortQemu.c.c7423979
 .debug_info    0x000000000001168e      0x3ad /tmp/ccA4yVDr.debug.temp.o
                0x000000000001168e                DebugLib.c.fb518e1a
 .debug_info    0x0000000000011a3b      0x1e7 /tmp/ccGsQD8r.debug.temp.o
                0x0000000000011a3b                DebugLibDetect.c.e2ca121a
 .debug_info    0x0000000000011c22     0x1113 /tmp/ccSfxYLr.debug.temp.o
                0x0000000000011c22                PeimEntryPoint.c.b9a18c3e
 .debug_info    0x0000000000012d35      0x43e /tmp/ccj3U4Zs.debug.temp.o
                0x0000000000012d35                SerialPortLib.c.a9383064
 .debug_info    0x0000000000013173     0x1686 /tmp/cc01JxLq.debug.temp.o
                0x0000000000013173                ReportStatusCodeLib.c.d32101a6

.debug_abbrev   0x0000000000000000     0x2e01
 .debug_abbrev  0x0000000000000000      0x22d /tmp/StatusCodeHandlerPei.dll.vgKCRr.ltrans0.ltrans.o
 .debug_abbrev  0x000000000000022d      0x186 /tmp/ccWI6rnr.debug.temp.o
 .debug_abbrev  0x00000000000003b3      0x1ba /tmp/ccZbqnmr.debug.temp.o
 .debug_abbrev  0x000000000000056d      0x1d5 /tmp/ccmnmt4t.debug.temp.o
 .debug_abbrev  0x0000000000000742      0x1c8 /tmp/ccAgLLUu.debug.temp.o
 .debug_abbrev  0x000000000000090a      0x197 /tmp/ccBhg22s.debug.temp.o
 .debug_abbrev  0x0000000000000aa1      0x117 /tmp/ccKZLAcu.debug.temp.o
 .debug_abbrev  0x0000000000000bb8      0x143 /tmp/ccDlc5Gr.debug.temp.o
 .debug_abbrev  0x0000000000000cfb       0xf4 /tmp/ccgWfiFs.debug.temp.o
 .debug_abbrev  0x0000000000000def       0xd1 /tmp/cc2Mbxkr.debug.temp.o
 .debug_abbrev  0x0000000000000ec0       0xd1 /tmp/ccIWykzr.debug.temp.o
 .debug_abbrev  0x0000000000000f91       0xeb /tmp/cc8AAb7t.debug.temp.o
 .debug_abbrev  0x000000000000107c       0xb1 /tmp/cc82mtqr.debug.temp.o
 .debug_abbrev  0x000000000000112d       0xb3 /tmp/ccXgEKyt.debug.temp.o
 .debug_abbrev  0x00000000000011e0       0xb6 /tmp/ccdtdWZq.debug.temp.o
 .debug_abbrev  0x0000000000001296      0x138 /tmp/cccdMast.debug.temp.o
 .debug_abbrev  0x00000000000013ce      0x126 /tmp/ccZWUups.debug.temp.o
 .debug_abbrev  0x00000000000014f4       0xf9 /tmp/ccGYcGSr.debug.temp.o
 .debug_abbrev  0x00000000000015ed       0xb3 /tmp/cc7nYPEt.debug.temp.o
 .debug_abbrev  0x00000000000016a0       0xe0 /tmp/ccJ7VCUq.debug.temp.o
 .debug_abbrev  0x0000000000001780      0x164 /tmp/ccyTGkbs.debug.temp.o
 .debug_abbrev  0x00000000000018e4      0x17e /tmp/cczoAvwr.debug.temp.o
 .debug_abbrev  0x0000000000001a62       0xce /tmp/ccotfOOr.debug.temp.o
 .debug_abbrev  0x0000000000001b30      0x1d0 /tmp/ccb2fmis.debug.temp.o
 .debug_abbrev  0x0000000000001d00      0x1f3 /tmp/cc7Oz5pu.debug.temp.o
 .debug_abbrev  0x0000000000001ef3       0xfe /tmp/ccitU7bt.debug.temp.o
 .debug_abbrev  0x0000000000001ff1       0xc6 /tmp/ccuPqequ.debug.temp.o
 .debug_abbrev  0x00000000000020b7       0xea /tmp/ccKIMmYu.debug.temp.o
 .debug_abbrev  0x00000000000021a1      0x155 /tmp/ccoSuvQu.debug.temp.o
 .debug_abbrev  0x00000000000022f6       0xc2 /tmp/ccayJfzr.debug.temp.o
 .debug_abbrev  0x00000000000023b8      0x149 /tmp/ccYcXGvt.debug.temp.o
 .debug_abbrev  0x0000000000002501      0x138 /tmp/cchG3ggu.debug.temp.o
 .debug_abbrev  0x0000000000002639       0xa2 /tmp/cchwCeZt.debug.temp.o
 .debug_abbrev  0x00000000000026db      0x15d /tmp/ccA4yVDr.debug.temp.o
 .debug_abbrev  0x0000000000002838       0xc0 /tmp/ccGsQD8r.debug.temp.o
 .debug_abbrev  0x00000000000028f8      0x18a /tmp/ccSfxYLr.debug.temp.o
 .debug_abbrev  0x0000000000002a82      0x16e /tmp/ccj3U4Zs.debug.temp.o
 .debug_abbrev  0x0000000000002bf0      0x211 /tmp/cc01JxLq.debug.temp.o

.debug_loc      0x0000000000000000     0x3e9c
 .debug_loc     0x0000000000000000     0x3e9c /tmp/StatusCodeHandlerPei.dll.vgKCRr.ltrans0.ltrans.o

.debug_aranges  0x0000000000000000      0x1a0
 .debug_aranges
                0x0000000000000000      0x1a0 /tmp/StatusCodeHandlerPei.dll.vgKCRr.ltrans0.ltrans.o

.debug_ranges   0x0000000000000000      0x830
 .debug_ranges  0x0000000000000000      0x830 /tmp/StatusCodeHandlerPei.dll.vgKCRr.ltrans0.ltrans.o

.debug_line     0x0000000000000000     0x5bf5
 .debug_line    0x0000000000000000     0x1805 /tmp/StatusCodeHandlerPei.dll.vgKCRr.ltrans0.ltrans.o
 .debug_line    0x0000000000001805      0x3d0 /tmp/ccWI6rnr.debug.temp.o
 .debug_line    0x0000000000001bd5      0x3f3 /tmp/ccZbqnmr.debug.temp.o
 .debug_line    0x0000000000001fc8      0x40a /tmp/ccmnmt4t.debug.temp.o
 .debug_line    0x00000000000023d2      0x2e7 /tmp/ccAgLLUu.debug.temp.o
 .debug_line    0x00000000000026b9      0x33b /tmp/ccBhg22s.debug.temp.o
 .debug_line    0x00000000000029f4      0x19f /tmp/ccKZLAcu.debug.temp.o
 .debug_line    0x0000000000002b93      0x125 /tmp/ccDlc5Gr.debug.temp.o
 .debug_line    0x0000000000002cb8      0x161 /tmp/ccgWfiFs.debug.temp.o
 .debug_line    0x0000000000002e19      0x15e /tmp/cc2Mbxkr.debug.temp.o
 .debug_line    0x0000000000002f77      0x15d /tmp/ccIWykzr.debug.temp.o
 .debug_line    0x00000000000030d4      0x15f /tmp/cc8AAb7t.debug.temp.o
 .debug_line    0x0000000000003233      0x127 /tmp/cc82mtqr.debug.temp.o
 .debug_line    0x000000000000335a      0x12f /tmp/ccXgEKyt.debug.temp.o
 .debug_line    0x0000000000003489      0x128 /tmp/ccdtdWZq.debug.temp.o
 .debug_line    0x00000000000035b1      0x127 /tmp/cccdMast.debug.temp.o
 .debug_line    0x00000000000036d8      0x123 /tmp/ccZWUups.debug.temp.o
 .debug_line    0x00000000000037fb      0x123 /tmp/ccGYcGSr.debug.temp.o
 .debug_line    0x000000000000391e      0x126 /tmp/cc7nYPEt.debug.temp.o
 .debug_line    0x0000000000003a44      0x161 /tmp/ccJ7VCUq.debug.temp.o
 .debug_line    0x0000000000003ba5      0x163 /tmp/ccyTGkbs.debug.temp.o
 .debug_line    0x0000000000003d08      0x167 /tmp/cczoAvwr.debug.temp.o
 .debug_line    0x0000000000003e6f      0x14b /tmp/ccotfOOr.debug.temp.o
 .debug_line    0x0000000000003fba      0x28c /tmp/ccb2fmis.debug.temp.o
 .debug_line    0x0000000000004246      0x316 /tmp/cc7Oz5pu.debug.temp.o
 .debug_line    0x000000000000455c      0x195 /tmp/ccitU7bt.debug.temp.o
 .debug_line    0x00000000000046f1      0x174 /tmp/ccuPqequ.debug.temp.o
 .debug_line    0x0000000000004865      0x18c /tmp/ccKIMmYu.debug.temp.o
 .debug_line    0x00000000000049f1      0x175 /tmp/ccoSuvQu.debug.temp.o
 .debug_line    0x0000000000004b66      0x14a /tmp/ccayJfzr.debug.temp.o
 .debug_line    0x0000000000004cb0      0x152 /tmp/ccYcXGvt.debug.temp.o
 .debug_line    0x0000000000004e02      0x134 /tmp/cchG3ggu.debug.temp.o
 .debug_line    0x0000000000004f36      0x15b /tmp/cchwCeZt.debug.temp.o
 .debug_line    0x0000000000005091      0x154 /tmp/ccA4yVDr.debug.temp.o
 .debug_line    0x00000000000051e5      0x15a /tmp/ccGsQD8r.debug.temp.o
 .debug_line    0x000000000000533f      0x30c /tmp/ccSfxYLr.debug.temp.o
 .debug_line    0x000000000000564b      0x1bc /tmp/ccj3U4Zs.debug.temp.o
 .debug_line    0x0000000000005807      0x3ee /tmp/cc01JxLq.debug.temp.o

.debug_str      0x0000000000000000     0x4cb6
 .debug_str     0x0000000000000000      0x213 /tmp/StatusCodeHandlerPei.dll.vgKCRr.ltrans0.ltrans.o
                                        0x225 (size before relaxing)
 .debug_str     0x0000000000000213     0x126e /tmp/ccWI6rnr.debug.temp.o
                                       0x1575 (size before relaxing)
 .debug_str     0x0000000000001481      0x187 /tmp/ccZbqnmr.debug.temp.o
                                       0x160f (size before relaxing)
 .debug_str     0x0000000000001608      0x4b4 /tmp/ccmnmt4t.debug.temp.o
                                       0x1956 (size before relaxing)
 .debug_str     0x0000000000001abc      0x369 /tmp/ccAgLLUu.debug.temp.o
                                       0x162a (size before relaxing)
 .debug_str     0x0000000000001e25      0x14c /tmp/ccBhg22s.debug.temp.o
                                       0x1183 (size before relaxing)
 .debug_str     0x0000000000001f71      0x1fc /tmp/ccKZLAcu.debug.temp.o
                                        0x47e (size before relaxing)
 .debug_str     0x000000000000216d      0x18f /tmp/ccDlc5Gr.debug.temp.o
                                        0x544 (size before relaxing)
 .debug_str     0x00000000000022fc       0x97 /tmp/ccgWfiFs.debug.temp.o
                                        0x495 (size before relaxing)
 .debug_str     0x0000000000002393       0x69 /tmp/cc2Mbxkr.debug.temp.o
                                        0x466 (size before relaxing)
 .debug_str     0x00000000000023fc       0x4f /tmp/ccIWykzr.debug.temp.o
                                        0x46f (size before relaxing)
 .debug_str     0x000000000000244b       0xaf /tmp/cc8AAb7t.debug.temp.o
                                        0x4ac (size before relaxing)
 .debug_str     0x00000000000024fa       0x5c /tmp/cc82mtqr.debug.temp.o
                                        0x448 (size before relaxing)
 .debug_str     0x0000000000002556       0x65 /tmp/ccXgEKyt.debug.temp.o
                                        0x455 (size before relaxing)
 .debug_str     0x00000000000025bb       0x46 /tmp/ccdtdWZq.debug.temp.o
                                        0x438 (size before relaxing)
 .debug_str     0x0000000000002601      0x2f4 /tmp/cccdMast.debug.temp.o
                                        0x804 (size before relaxing)
 .debug_str     0x00000000000028f5      0x2e5 /tmp/ccZWUups.debug.temp.o
                                        0x7b9 (size before relaxing)
 .debug_str     0x0000000000002bda      0x186 /tmp/ccGYcGSr.debug.temp.o
                                        0x5b6 (size before relaxing)
 .debug_str     0x0000000000002d60       0xbc /tmp/cc7nYPEt.debug.temp.o
                                        0x4af (size before relaxing)
 .debug_str     0x0000000000002e1c       0x46 /tmp/ccJ7VCUq.debug.temp.o
                                        0x452 (size before relaxing)
 .debug_str     0x0000000000002e62      0x175 /tmp/ccyTGkbs.debug.temp.o
                                        0x57a (size before relaxing)
 .debug_str     0x0000000000002fd7      0x2a2 /tmp/cczoAvwr.debug.temp.o
                                        0x6d8 (size before relaxing)
 .debug_str     0x0000000000003279      0x155 /tmp/ccotfOOr.debug.temp.o
                                        0x3db (size before relaxing)
 .debug_str     0x00000000000033ce      0x2b8 /tmp/ccb2fmis.debug.temp.o
                                        0xbfc (size before relaxing)
 .debug_str     0x0000000000003686      0x472 /tmp/cc7Oz5pu.debug.temp.o
                                       0x1689 (size before relaxing)
 .debug_str     0x0000000000003af8      0x1df /tmp/ccitU7bt.debug.temp.o
                                        0x518 (size before relaxing)
 .debug_str     0x0000000000003cd7      0x107 /tmp/ccuPqequ.debug.temp.o
                                        0x3b7 (size before relaxing)
 .debug_str     0x0000000000003dde       0xac /tmp/ccKIMmYu.debug.temp.o
                                        0x396 (size before relaxing)
 .debug_str     0x0000000000003e8a      0x16e /tmp/ccoSuvQu.debug.temp.o
                                        0x4aa (size before relaxing)
 .debug_str     0x0000000000003ff8       0x43 /tmp/ccayJfzr.debug.temp.o
                                        0x36d (size before relaxing)
 .debug_str     0x000000000000403b      0x30a /tmp/ccYcXGvt.debug.temp.o
                                        0x6c0 (size before relaxing)
 .debug_str     0x0000000000004345      0x183 /tmp/cchG3ggu.debug.temp.o
                                        0x556 (size before relaxing)
 .debug_str     0x00000000000044c8       0xdb /tmp/cchwCeZt.debug.temp.o
                                        0x416 (size before relaxing)
 .debug_str     0x00000000000045a3       0xf8 /tmp/ccA4yVDr.debug.temp.o
                                        0x544 (size before relaxing)
 .debug_str     0x000000000000469b       0xb1 /tmp/ccGsQD8r.debug.temp.o
                                        0x470 (size before relaxing)
 .debug_str     0x000000000000474c       0xbd /tmp/ccSfxYLr.debug.temp.o
                                       0x10da (size before relaxing)
 .debug_str     0x0000000000004809      0x248 /tmp/ccj3U4Zs.debug.temp.o
                                        0x541 (size before relaxing)
 .debug_str     0x0000000000004a51      0x265 /tmp/cc01JxLq.debug.temp.o
                                       0x1607 (size before relaxing)

.debug_frame    0x0000000000000000      0x4e0
 .debug_frame   0x0000000000000000      0x4e0 /tmp/StatusCodeHandlerPei.dll.vgKCRr.ltrans0.ltrans.o
