Archive member included to satisfy reference by file (symbol)

/home/evgen/src/edk2/Build/MdeModule/DEBUG_GCC5/X64/MdeModulePkg/Bus/Pci/UhciDxe/UhciDxe/OUTPUT/UhciDxe.lib(UhciSched.obj)
                              (--whole-archive)
/home/evgen/src/edk2/Build/MdeModule/DEBUG_GCC5/X64/MdeModulePkg/Bus/Pci/UhciDxe/UhciDxe/OUTPUT/UhciDxe.lib(UhciDebug.obj)
                              (--whole-archive)
/home/evgen/src/edk2/Build/MdeModule/DEBUG_GCC5/X64/MdeModulePkg/Bus/Pci/UhciDxe/UhciDxe/OUTPUT/UhciDxe.lib(UhciQueue.obj)
                              (--whole-archive)
/home/evgen/src/edk2/Build/MdeModule/DEBUG_GCC5/X64/MdeModulePkg/Bus/Pci/UhciDxe/UhciDxe/OUTPUT/UhciDxe.lib(UhciReg.obj)
                              (--whole-archive)
/home/evgen/src/edk2/Build/MdeModule/DEBUG_GCC5/X64/MdeModulePkg/Bus/Pci/UhciDxe/UhciDxe/OUTPUT/UhciDxe.lib(UsbHcMem.obj)
                              (--whole-archive)
/home/evgen/src/edk2/Build/MdeModule/DEBUG_GCC5/X64/MdeModulePkg/Bus/Pci/UhciDxe/UhciDxe/OUTPUT/UhciDxe.lib(Uhci.obj)
                              (--whole-archive)
/home/evgen/src/edk2/Build/MdeModule/DEBUG_GCC5/X64/MdeModulePkg/Bus/Pci/UhciDxe/UhciDxe/OUTPUT/UhciDxe.lib(ComponentName.obj)
                              (--whole-archive)
/home/evgen/src/edk2/Build/MdeModule/DEBUG_GCC5/X64/MdeModulePkg/Bus/Pci/UhciDxe/UhciDxe/OUTPUT/UhciDxe.lib(AutoGen.obj)
                              (--whole-archive)
/home/evgen/src/edk2/Build/MdeModule/DEBUG_GCC5/X64/MdePkg/Library/RegisterFilterLibNull/RegisterFilterLibNull/OUTPUT/FilterLibNull.lib(RegisterFilterLibNull.obj)
                              (--whole-archive)
/home/evgen/src/edk2/Build/MdeModule/DEBUG_GCC5/X64/MdePkg/Library/BasePcdLibNull/BasePcdLibNull/OUTPUT/BasePcdLibNull.lib(PcdLib.obj)
                              (--whole-archive)
/home/evgen/src/edk2/Build/MdeModule/DEBUG_GCC5/X64/MdePkg/Library/BaseMemoryLib/BaseMemoryLib/OUTPUT/BaseMemoryLib.lib(SetMem.obj)
                              (--whole-archive)
/home/evgen/src/edk2/Build/MdeModule/DEBUG_GCC5/X64/MdePkg/Library/BaseMemoryLib/BaseMemoryLib/OUTPUT/BaseMemoryLib.lib(ScanMem64Wrapper.obj)
                              (--whole-archive)
/home/evgen/src/edk2/Build/MdeModule/DEBUG_GCC5/X64/MdePkg/Library/BaseMemoryLib/BaseMemoryLib/OUTPUT/BaseMemoryLib.lib(ScanMem32Wrapper.obj)
                              (--whole-archive)
/home/evgen/src/edk2/Build/MdeModule/DEBUG_GCC5/X64/MdePkg/Library/BaseMemoryLib/BaseMemoryLib/OUTPUT/BaseMemoryLib.lib(ScanMem16Wrapper.obj)
                              (--whole-archive)
/home/evgen/src/edk2/Build/MdeModule/DEBUG_GCC5/X64/MdePkg/Library/BaseMemoryLib/BaseMemoryLib/OUTPUT/BaseMemoryLib.lib(ScanMem8Wrapper.obj)
                              (--whole-archive)
/home/evgen/src/edk2/Build/MdeModule/DEBUG_GCC5/X64/MdePkg/Library/BaseMemoryLib/BaseMemoryLib/OUTPUT/BaseMemoryLib.lib(ZeroMemWrapper.obj)
                              (--whole-archive)
/home/evgen/src/edk2/Build/MdeModule/DEBUG_GCC5/X64/MdePkg/Library/BaseMemoryLib/BaseMemoryLib/OUTPUT/BaseMemoryLib.lib(CompareMemWrapper.obj)
                              (--whole-archive)
/home/evgen/src/edk2/Build/MdeModule/DEBUG_GCC5/X64/MdePkg/Library/BaseMemoryLib/BaseMemoryLib/OUTPUT/BaseMemoryLib.lib(SetMem64Wrapper.obj)
                              (--whole-archive)
/home/evgen/src/edk2/Build/MdeModule/DEBUG_GCC5/X64/MdePkg/Library/BaseMemoryLib/BaseMemoryLib/OUTPUT/BaseMemoryLib.lib(SetMem32Wrapper.obj)
                              (--whole-archive)
/home/evgen/src/edk2/Build/MdeModule/DEBUG_GCC5/X64/MdePkg/Library/BaseMemoryLib/BaseMemoryLib/OUTPUT/BaseMemoryLib.lib(SetMem16Wrapper.obj)
                              (--whole-archive)
/home/evgen/src/edk2/Build/MdeModule/DEBUG_GCC5/X64/MdePkg/Library/BaseMemoryLib/BaseMemoryLib/OUTPUT/BaseMemoryLib.lib(SetMemWrapper.obj)
                              (--whole-archive)
/home/evgen/src/edk2/Build/MdeModule/DEBUG_GCC5/X64/MdePkg/Library/BaseMemoryLib/BaseMemoryLib/OUTPUT/BaseMemoryLib.lib(CopyMemWrapper.obj)
                              (--whole-archive)
/home/evgen/src/edk2/Build/MdeModule/DEBUG_GCC5/X64/MdePkg/Library/BaseMemoryLib/BaseMemoryLib/OUTPUT/BaseMemoryLib.lib(IsZeroBufferWrapper.obj)
                              (--whole-archive)
/home/evgen/src/edk2/Build/MdeModule/DEBUG_GCC5/X64/MdePkg/Library/BaseMemoryLib/BaseMemoryLib/OUTPUT/BaseMemoryLib.lib(MemLibGeneric.obj)
                              (--whole-archive)
/home/evgen/src/edk2/Build/MdeModule/DEBUG_GCC5/X64/MdePkg/Library/BaseMemoryLib/BaseMemoryLib/OUTPUT/BaseMemoryLib.lib(MemLibGuid.obj)
                              (--whole-archive)
/home/evgen/src/edk2/Build/MdeModule/DEBUG_GCC5/X64/MdePkg/Library/BaseMemoryLib/BaseMemoryLib/OUTPUT/BaseMemoryLib.lib(CopyMem.obj)
                              (--whole-archive)
/home/evgen/src/edk2/Build/MdeModule/DEBUG_GCC5/X64/MdePkg/Library/BaseLib/BaseLib/OUTPUT/BaseLib.lib(CheckSum.obj)
                              (--whole-archive)
[...]
Memory Configuration

Name             Origin             Length             Attributes
*default*        0x0000000000000000 0xffffffffffffffff

Linker script and memory map

START GROUP
LOAD /tmp/UhciDxe.dll.OJXLpo.ltrans0.ltrans.o
LOAD /tmp/ccmTIcVk.debug.temp.o
LOAD /tmp/ccRUMVan.debug.temp.o
LOAD /tmp/ccCRaXRk.debug.temp.o
LOAD /tmp/ccQjmbrl.debug.temp.o
LOAD /tmp/ccYBeXom.debug.temp.o
LOAD /tmp/ccylMCJn.debug.temp.o
LOAD /tmp/ccfcKaGn.debug.temp.o
LOAD /tmp/ccXzKwOo.debug.temp.o
LOAD /tmp/ccpcyFKn.debug.temp.o
LOAD /tmp/ccec5ALm.debug.temp.o
LOAD /tmp/ccwwOywo.debug.temp.o
LOAD /tmp/ccD2x8so.debug.temp.o
LOAD /tmp/ccukVcCo.debug.temp.o
LOAD /tmp/ccNe7NDk.debug.temp.o
LOAD /tmp/ccag86im.debug.temp.o
LOAD /tmp/cc7UZPvm.debug.temp.o
LOAD /tmp/ccoXZnbm.debug.temp.o
LOAD /tmp/ccqDHjon.debug.temp.o
LOAD /tmp/ccvedOsn.debug.temp.o
LOAD /tmp/cc3utP9m.debug.temp.o
LOAD /tmp/cczIfIam.debug.temp.o
LOAD /tmp/cc0p2wjo.debug.temp.o
LOAD /tmp/cczuKldn.debug.temp.o
LOAD /tmp/ccbYGqjo.debug.temp.o
LOAD /tmp/ccrXGAJl.debug.temp.o
LOAD /tmp/cc7yGI6m.debug.temp.o
LOAD /tmp/ccG3Jdgo.debug.temp.o
LOAD /tmp/ccjWrHxk.debug.temp.o
LOAD /tmp/ccQIKaCm.debug.temp.o
LOAD /tmp/ccomZBOm.debug.temp.o
LOAD /tmp/cca0N6zm.debug.temp.o
LOAD /tmp/ccGt1ldm.debug.temp.o
LOAD /tmp/ccNpSHKn.debug.temp.o
LOAD /tmp/cck7UOLn.debug.temp.o
LOAD /tmp/cchvnGAl.debug.temp.o
LOAD /tmp/ccDbBgbm.debug.temp.o
LOAD /tmp/cc3XHg8m.debug.temp.o
LOAD /tmp/cc577rCm.debug.temp.o
LOAD /tmp/ccWXN8Ok.debug.temp.o
LOAD /tmp/ccVApaMn.debug.temp.o
LOAD /tmp/ccXK6HXl.debug.temp.o
LOAD /tmp/ccUjJYtk.debug.temp.o
LOAD /tmp/ccV7Rsyk.debug.temp.o
LOAD /tmp/ccTMgMOl.debug.temp.o
LOAD /tmp/ccx29Ypo.debug.temp.o
LOAD /tmp/ccAjqEqn.debug.temp.o
LOAD /tmp/ccmMQyam.debug.temp.o
LOAD /tmp/ccMWXi0l.debug.temp.o
LOAD /tmp/ccB0a5bn.debug.temp.o
LOAD /tmp/ccML1M9m.debug.temp.o
LOAD /tmp/ccCvGNFl.debug.temp.o
LOAD /tmp/ccIcoXBm.debug.temp.o
LOAD /tmp/ccafPJDl.debug.temp.o
LOAD /tmp/cctSnMbm.debug.temp.o
LOAD /tmp/ccRpP8Dm.debug.temp.o
LOAD /tmp/ccLTaMnl.debug.temp.o
LOAD /tmp/ccNnXsmk.debug.temp.o
LOAD /tmp/ccqVpxZl.debug.temp.o
LOAD /tmp/ccTkw3Rm.debug.temp.o
LOAD /tmp/cccYCd8k.debug.temp.o
LOAD /tmp/cc4w2RRo.debug.temp.o
LOAD /tmp/ccOU77vl.debug.temp.o
LOAD /tmp/cccm1Nml.debug.temp.o
LOAD /tmp/ccb4Ts9n.debug.temp.o
LOAD /tmp/ccqBVljk.debug.temp.o
LOAD /tmp/ccViLvQn.debug.temp.o
LOAD /tmp/cc2ejsHn.debug.temp.o
LOAD /tmp/ccl7Xhik.debug.temp.o
LOAD /tmp/ccAB7fqk.debug.temp.o
LOAD /tmp/cckroYCn.debug.temp.o
LOAD /tmp/ccHhigCm.debug.temp.o
LOAD /tmp/cckeWNQo.debug.temp.o
LOAD /tmp/ccXOhkYn.debug.temp.o
LOAD /tmp/ccsEDNsl.debug.temp.o
LOAD /tmp/cc3kTerk.debug.temp.o
LOAD /tmp/ccxYXJtn.debug.temp.o
LOAD /tmp/ccICIILk.debug.temp.o
LOAD /tmp/cczvdXnm.debug.temp.o
LOAD /tmp/ccDbc8Po.debug.temp.o
LOAD /tmp/ccCqdSmm.debug.temp.o
LOAD /tmp/ccxA2Fcm.debug.temp.o
LOAD /tmp/cca1JGhn.debug.temp.o
LOAD /tmp/ccEstBfo.debug.temp.o
LOAD /tmp/ccgyyxqn.debug.temp.o
LOAD /tmp/cc5nuX2k.debug.temp.o
LOAD /tmp/ccYfm1Kn.debug.temp.o
LOAD /tmp/ccTWnRlk.debug.temp.o
LOAD /tmp/cce8ak7m.debug.temp.o
LOAD /tmp/cccJEu6m.debug.temp.o
LOAD /tmp/ccYw4Kqk.debug.temp.o
LOAD /tmp/ccbe4X4l.debug.temp.o
LOAD /tmp/ccvcUi4m.debug.temp.o
LOAD /tmp/ccxrzZtm.debug.temp.o
LOAD /tmp/cc9F4gBn.debug.temp.o
LOAD /tmp/cc7zukUn.debug.temp.o
LOAD /tmp/ccF4Ei2n.debug.temp.o
LOAD /tmp/ccdRCEqk.debug.temp.o
LOAD /tmp/ccCqvjun.debug.temp.o
LOAD /tmp/ccDgSmOo.debug.temp.o
LOAD /tmp/ccWz7hyl.debug.temp.o
LOAD /tmp/cct87ioo.debug.temp.o
LOAD /tmp/ccUPULXm.debug.temp.o
LOAD /tmp/ccdbiuYl.debug.temp.o
LOAD /tmp/ccQy907k.debug.temp.o
LOAD /tmp/ccwFVzBl.debug.temp.o
LOAD /tmp/ccWZO7Pn.debug.temp.o
LOAD /home/evgen/src/edk2/Build/MdeModule/DEBUG_GCC5/X64/MdeModulePkg/Bus/Pci/UhciDxe/UhciDxe/OUTPUT/UhciDxe.lib
LOAD /home/evgen/src/edk2/Build/MdeModule/DEBUG_GCC5/X64/MdePkg/Library/RegisterFilterLibNull/RegisterFilterLibNull/OUTPUT/FilterLibNull.lib
LOAD /home/evgen/src/edk2/Build/MdeModule/DEBUG_GCC5/X64/MdePkg/Library/BasePcdLibNull/BasePcdLibNull/OUTPUT/BasePcdLibNull.lib
LOAD /home/evgen/src/edk2/Build/MdeModule/DEBUG_GCC5/X64/MdePkg/Library/BaseMemoryLib/BaseMemoryLib/OUTPUT/BaseMemoryLib.lib
LOAD /home/evgen/src/edk2/Build/MdeModule/DEBUG_GCC5/X64/MdePkg/Library/BaseLib/BaseLib/OUTPUT/BaseLib.lib
LOAD /home/evgen/src/edk2/Build/MdeModule/DEBUG_GCC5/X64/MdePkg/Library/BaseDebugPrintErrorLevelLib/BaseDebugPrintErrorLevelLib/OUTPUT/BaseDebugPrintErrorLevelLib.lib
LOAD /home/evgen/src/edk2/Build/MdeModule/DEBUG_GCC5/X64/MdePkg/Library/BasePrintLib/BasePrintLib/OUTPUT/BasePrintLib.lib
LOAD /home/evgen/src/edk2/Build/MdeModule/DEBUG_GCC5/X64/MdePkg/Library/UefiDebugLibConOut/UefiDebugLibConOut/OUTPUT/UefiDebugLibConOut.lib
LOAD /home/evgen/src/edk2/Build/MdeModule/DEBUG_GCC5/X64/MdePkg/Library/UefiBootServicesTableLib/UefiBootServicesTableLib/OUTPUT/UefiBootServicesTableLib.lib
LOAD /home/evgen/src/edk2/Build/MdeModule/DEBUG_GCC5/X64/MdePkg/Library/UefiMemoryAllocationLib/UefiMemoryAllocationLib/OUTPUT/UefiMemoryAllocationLib.lib
LOAD /home/evgen/src/edk2/Build/MdeModule/DEBUG_GCC5/X64/MdePkg/Library/UefiRuntimeServicesTableLib/UefiRuntimeServicesTableLib/OUTPUT/UefiRuntimeServicesTableLib.lib
LOAD /home/evgen/src/edk2/Build/MdeModule/DEBUG_GCC5/X64/MdePkg/Library/UefiDevicePathLib/UefiDevicePathLib/OUTPUT/UefiDevicePathLib.lib
LOAD /home/evgen/src/edk2/Build/MdeModule/DEBUG_GCC5/X64/MdePkg/Library/UefiLib/UefiLib/OUTPUT/UefiLib.lib
LOAD /home/evgen/src/edk2/Build/MdeModule/DEBUG_GCC5/X64/MdePkg/Library/UefiDriverEntryPoint/UefiDriverEntryPoint/OUTPUT/UefiDriverEntryPoint.lib
LOAD /home/evgen/src/edk2/Build/MdeModule/DEBUG_GCC5/X64/MdePkg/Library/BaseReportStatusCodeLibNull/BaseReportStatusCodeLibNull/OUTPUT/BaseReportStatusCodeLibNull.lib
END GROUP
                0x0000000000000228                PECOFF_HEADER_SIZE = 0x228
                0x0000000000000228                . = PECOFF_HEADER_SIZE

.text           0x0000000000000240     0x7135
 *(.text .text.* .stub .gnu.linkonce.t.*)
 .text.InternalAllocatePool.constprop.0
                0x0000000000000240       0x37 /tmp/UhciDxe.dll.OJXLpo.ltrans0.ltrans.o
 .text.ExitBootServicesCallback
                0x0000000000000277        0xc /tmp/UhciDxe.dll.OJXLpo.ltrans0.ltrans.o
 .text.DebugPrintEnabled
                0x0000000000000283        0x3 /tmp/UhciDxe.dll.OJXLpo.ltrans0.ltrans.o
 .text.BasePrintLibFillBuffer
                0x0000000000000286       0x2a /tmp/UhciDxe.dll.OJXLpo.ltrans0.ltrans.o
 .text.AsciiStrnLenS
                0x00000000000002b0       0x26 /tmp/UhciDxe.dll.OJXLpo.ltrans0.ltrans.o
 .text.Uhci2IsochronousTransfer
                0x00000000000002d6        0xf /tmp/UhciDxe.dll.OJXLpo.ltrans0.ltrans.o
 .text.Uhci2AsyncIsochronousTransfer
                0x00000000000002e5        0xf /tmp/UhciDxe.dll.OJXLpo.ltrans0.ltrans.o
 .text.UhciDriverBindingSupported
                0x00000000000002f4       0xcb /tmp/UhciDxe.dll.OJXLpo.ltrans0.ltrans.o
 .text.UhciMapUserData
                0x00000000000003bf       0xb2 /tmp/UhciDxe.dll.OJXLpo.ltrans0.ltrans.o
 .text.UnicodeSPrintAsciiFormat.constprop.0
                0x0000000000000471       0x29 /tmp/UhciDxe.dll.OJXLpo.ltrans0.ltrans.o
 .text.DebugAssert.part.0
                0x000000000000049a       0x60 /tmp/UhciDxe.dll.OJXLpo.ltrans0.ltrans.o
 .text.DebugAssert
                0x00000000000004fa        0xf /tmp/UhciDxe.dll.OJXLpo.ltrans0.ltrans.o
 .text.ReadUnaligned24
                0x0000000000000509       0x32 /tmp/UhciDxe.dll.OJXLpo.ltrans0.ltrans.o
 .text.ReadUnaligned16
                0x000000000000053b        0x4 /tmp/UhciDxe.dll.OJXLpo.ltrans0.ltrans.o
 .text.AsciiStrLen
                0x000000000000053f       0x67 /tmp/UhciDxe.dll.OJXLpo.ltrans0.ltrans.o
 .text.AsciiStrnCmp.part.0
                0x00000000000005a6       0xb7 /tmp/UhciDxe.dll.OJXLpo.ltrans0.ltrans.o
 .text.IsLanguageSupported
                0x000000000000065d       0x65 /tmp/UhciDxe.dll.OJXLpo.ltrans0.ltrans.o
 .text.LookupUnicodeString2
                0x00000000000006c2       0xde /tmp/UhciDxe.dll.OJXLpo.ltrans0.ltrans.o
 .text.UhciComponentNameGetDriverName
                0x00000000000007a0       0x3a /tmp/UhciDxe.dll.OJXLpo.ltrans0.ltrans.o
 .text.BasePrintLibSPrintMarker.constprop.0
                0x00000000000007da      0xa72 /tmp/UhciDxe.dll.OJXLpo.ltrans0.ltrans.o
 .text.BasePrintLibSPrint.constprop.0
                0x000000000000124c       0xb8 /tmp/UhciDxe.dll.OJXLpo.ltrans0.ltrans.o
 .text.UnicodeVSPrintAsciiFormat.constprop.0
                0x0000000000001304       0xa9 /tmp/UhciDxe.dll.OJXLpo.ltrans0.ltrans.o
 .text.InternalBaseLibIsListValid
                0x00000000000013ad       0x6c /tmp/UhciDxe.dll.OJXLpo.ltrans0.ltrans.o
 .text.IsListEmpty
                0x0000000000001419       0x35 /tmp/UhciDxe.dll.OJXLpo.ltrans0.ltrans.o
 .text.CopyMem.part.0
                0x000000000000144e      0x253 /tmp/UhciDxe.dll.OJXLpo.ltrans0.ltrans.o
 .text.InternalAllocateCopyPool.constprop.0
                0x00000000000016a1       0x62 /tmp/UhciDxe.dll.OJXLpo.ltrans0.ltrans.o
 .text.UsbHcUnlinkMemBlock
                0x0000000000001703       0x5a /tmp/UhciDxe.dll.OJXLpo.ltrans0.ltrans.o
 .text.UsbHcGetPciAddressForHostMem
                0x000000000000175d       0x68 /tmp/UhciDxe.dll.OJXLpo.ltrans0.ltrans.o
 .text.UsbHcAllocMemFromBlock
                0x00000000000017c5      0x142 /tmp/UhciDxe.dll.OJXLpo.ltrans0.ltrans.o
 .text.UsbHcFreeMemBlock
                0x0000000000001907       0x8b /tmp/UhciDxe.dll.OJXLpo.ltrans0.ltrans.o
 .text.UsbHcFreeMem
                0x0000000000001992      0x170 /tmp/UhciDxe.dll.OJXLpo.ltrans0.ltrans.o
 .text.UhciDestoryTds
                0x0000000000001b02       0x29 /tmp/UhciDxe.dll.OJXLpo.ltrans0.ltrans.o
 .text.UsbHcFreeMemPool
                0x0000000000001b2b       0x7c /tmp/UhciDxe.dll.OJXLpo.ltrans0.ltrans.o
 .text.UhciAppendTd
                0x0000000000001ba7       0x5d /tmp/UhciDxe.dll.OJXLpo.ltrans0.ltrans.o
 .text.UhciUnlinkTdFromQh
                0x0000000000001c04       0x3f /tmp/UhciDxe.dll.OJXLpo.ltrans0.ltrans.o
 .text.UhciLinkTdToQh
                0x0000000000001c43       0x5c /tmp/UhciDxe.dll.OJXLpo.ltrans0.ltrans.o
 .text.UhciFreeAsyncReq
                0x0000000000001c9f       0x8b /tmp/UhciDxe.dll.OJXLpo.ltrans0.ltrans.o
 .text.UhciRecycleAsyncReq
                0x0000000000001d2a       0x40 /tmp/UhciDxe.dll.OJXLpo.ltrans0.ltrans.o
 .text.UhciUnlinkAsyncReq
                0x0000000000001d6a      0x1a2 /tmp/UhciDxe.dll.OJXLpo.ltrans0.ltrans.o
 .text.UhciFreeAllAsyncReq
                0x0000000000001f0c       0x96 /tmp/UhciDxe.dll.OJXLpo.ltrans0.ltrans.o
 .text.UhciConvertPollRate
                0x0000000000001fa2       0x3f /tmp/UhciDxe.dll.OJXLpo.ltrans0.ltrans.o
 .text.DebugPrintMarker.constprop.0
                0x0000000000001fe1       0x67 /tmp/UhciDxe.dll.OJXLpo.ltrans0.ltrans.o
 .text.DebugPrint
                0x0000000000002048       0xc1 /tmp/UhciDxe.dll.OJXLpo.ltrans0.ltrans.o
 .text.FreePool
                0x0000000000002109       0x51 /tmp/UhciDxe.dll.OJXLpo.ltrans0.ltrans.o
 .text.UhciFreeDev
                0x000000000000215a       0xbe /tmp/UhciDxe.dll.OJXLpo.ltrans0.ltrans.o
 .text.UhciDestoryFrameList
                0x0000000000002218       0xdc /tmp/UhciDxe.dll.OJXLpo.ltrans0.ltrans.o
 .text.ProcessLibraryDestructorList
                0x00000000000022f4       0x14 /tmp/UhciDxe.dll.OJXLpo.ltrans0.ltrans.o
 .text.UhciWriteReg
                0x0000000000002308       0x6c /tmp/UhciDxe.dll.OJXLpo.ltrans0.ltrans.o
 .text.UhciReadReg
                0x0000000000002374       0x73 /tmp/UhciDxe.dll.OJXLpo.ltrans0.ltrans.o
 .text.UhciSetRegBit.constprop.0
                0x00000000000023e7       0x29 /tmp/UhciDxe.dll.OJXLpo.ltrans0.ltrans.o
 .text.UhciStopHc.constprop.0
                0x0000000000002410       0x6e /tmp/UhciDxe.dll.OJXLpo.ltrans0.ltrans.o
 .text.UhciDriverBindingStop
                0x000000000000247e      0x198 /tmp/UhciDxe.dll.OJXLpo.ltrans0.ltrans.o
 .text.UhcExitBootService
                0x0000000000002616       0xc4 /tmp/UhciDxe.dll.OJXLpo.ltrans0.ltrans.o
 .text.Uhci2GetCapability
                0x00000000000026da      0x161 /tmp/UhciDxe.dll.OJXLpo.ltrans0.ltrans.o
 .text.Uhci2GetState
                0x000000000000283b      0x12d /tmp/UhciDxe.dll.OJXLpo.ltrans0.ltrans.o
 .text.Uhci2SetState
                0x0000000000002968      0x207 /tmp/UhciDxe.dll.OJXLpo.ltrans0.ltrans.o
 .text.Uhci2GetRootHubPortStatus
                0x0000000000002b6f      0x184 /tmp/UhciDxe.dll.OJXLpo.ltrans0.ltrans.o
 .text.Uhci2SetRootHubPortFeature
                0x0000000000002cf3      0x19d /tmp/UhciDxe.dll.OJXLpo.ltrans0.ltrans.o
 .text.Uhci2ClearRootHubPortFeature
                0x0000000000002e90      0x190 /tmp/UhciDxe.dll.OJXLpo.ltrans0.ltrans.o
 .text.UhciIsHcWorking
                0x0000000000003020       0x45 /tmp/UhciDxe.dll.OJXLpo.ltrans0.ltrans.o
 .text.UhciAckAllInterrupt
                0x0000000000003065       0x64 /tmp/UhciDxe.dll.OJXLpo.ltrans0.ltrans.o
 .text.UhciDumpTds
                0x00000000000030c9      0x213 /tmp/UhciDxe.dll.OJXLpo.ltrans0.ltrans.o
 .text.UhciDumpQh
                0x00000000000032dc       0x9b /tmp/UhciDxe.dll.OJXLpo.ltrans0.ltrans.o
 .text.UhciCheckTdStatus
                0x0000000000003377      0x146 /tmp/UhciDxe.dll.OJXLpo.ltrans0.ltrans.o
 .text.UhciMonitorAsyncReqList
                0x00000000000034bd      0x1fb /tmp/UhciDxe.dll.OJXLpo.ltrans0.ltrans.o
 .text.UhciExecuteTransfer
                0x00000000000036b8      0x127 /tmp/UhciDxe.dll.OJXLpo.ltrans0.ltrans.o
 .text.AddUnicodeString2.constprop.0
                0x00000000000037df      0x275 /tmp/UhciDxe.dll.OJXLpo.ltrans0.ltrans.o
 .text.ZeroMem.part.0
                0x0000000000003a54       0xe2 /tmp/UhciDxe.dll.OJXLpo.ltrans0.ltrans.o
 .text.AllocateZeroPool
                0x0000000000003b36       0xff /tmp/UhciDxe.dll.OJXLpo.ltrans0.ltrans.o
 .text.UhciComponentNameGetControllerName
                0x0000000000003c35      0x14a /tmp/UhciDxe.dll.OJXLpo.ltrans0.ltrans.o
 .text.UsbHcAllocMemBlock
                0x0000000000003d7f      0x154 /tmp/UhciDxe.dll.OJXLpo.ltrans0.ltrans.o
 .text.UsbHcAllocateMem
                0x0000000000003ed3      0x151 /tmp/UhciDxe.dll.OJXLpo.ltrans0.ltrans.o
 .text.UhciCreateTd
                0x0000000000004024       0x35 /tmp/UhciDxe.dll.OJXLpo.ltrans0.ltrans.o
 .text.UhciCreateDataTd
                0x0000000000004059       0xe8 /tmp/UhciDxe.dll.OJXLpo.ltrans0.ltrans.o
 .text.Uhci2ControlTransfer
                0x0000000000004141      0x58d /tmp/UhciDxe.dll.OJXLpo.ltrans0.ltrans.o
 .text.UhciCreateBulkOrIntTds
                0x00000000000046ce      0x112 /tmp/UhciDxe.dll.OJXLpo.ltrans0.ltrans.o
 .text.Uhci2BulkTransfer
                0x00000000000047e0      0x325 /tmp/UhciDxe.dll.OJXLpo.ltrans0.ltrans.o
 .text.Uhci2SyncInterruptTransfer
                0x0000000000004b05      0x327 /tmp/UhciDxe.dll.OJXLpo.ltrans0.ltrans.o
 .text.UhciCreateQh
                0x0000000000004e2c       0x55 /tmp/UhciDxe.dll.OJXLpo.ltrans0.ltrans.o
 .text.Uhci2AsyncInterruptTransfer
                0x0000000000004e81      0x5c6 /tmp/UhciDxe.dll.OJXLpo.ltrans0.ltrans.o
 .text.UhciInitFrameList
                0x0000000000005447      0x307 /tmp/UhciDxe.dll.OJXLpo.ltrans0.ltrans.o
 .text.UhciDriverBindingStart
                0x000000000000574e      0x4fe /tmp/UhciDxe.dll.OJXLpo.ltrans0.ltrans.o
 .text.Uhci2Reset
                0x0000000000005c4c      0x1c7 /tmp/UhciDxe.dll.OJXLpo.ltrans0.ltrans.o
 .text._ModuleEntryPoint
                0x0000000000005e13      0x15e /tmp/UhciDxe.dll.OJXLpo.ltrans0.ltrans.o
                0x0000000000005e13                _ModuleEntryPoint
 *(.rodata .rodata.* .gnu.linkonce.r.*)
 .rodata.UnicodeSPrintAsciiFormat.constprop.0.str1.1
                0x0000000000005f71       0x18 /tmp/UhciDxe.dll.OJXLpo.ltrans0.ltrans.o
 .rodata.DebugAssert.part.0.str1.1
                0x0000000000005f89        0x8 /tmp/UhciDxe.dll.OJXLpo.ltrans0.ltrans.o
 .rodata.ReadUnaligned24.str1.1
                0x0000000000005f91       0x4f /tmp/UhciDxe.dll.OJXLpo.ltrans0.ltrans.o
 .rodata.AsciiStrLen.str1.1
                0x0000000000005fe0       0x84 /tmp/UhciDxe.dll.OJXLpo.ltrans0.ltrans.o
 .rodata.AsciiStrnCmp.part.0.str1.1
                0x0000000000006064       0x70 /tmp/UhciDxe.dll.OJXLpo.ltrans0.ltrans.o
 .rodata.BasePrintLibSPrintMarker.constprop.0.str1.1
                0x00000000000060d4      0x174 /tmp/UhciDxe.dll.OJXLpo.ltrans0.ltrans.o
 .rodata.BasePrintLibSPrintMarker.constprop.0
                0x0000000000006248       0xec /tmp/UhciDxe.dll.OJXLpo.ltrans0.ltrans.o
 .rodata.InternalBaseLibIsListValid.str1.1
                0x0000000000006334       0x7a /tmp/UhciDxe.dll.OJXLpo.ltrans0.ltrans.o
 .rodata.IsListEmpty.str1.1
                0x00000000000063ae       0x26 /tmp/UhciDxe.dll.OJXLpo.ltrans0.ltrans.o
 .rodata.CopyMem.part.0.str1.1
                0x00000000000063d4       0xc4 /tmp/UhciDxe.dll.OJXLpo.ltrans0.ltrans.o
 .rodata.InternalAllocateCopyPool.constprop.0.str1.1
                0x0000000000006498       0x90 /tmp/UhciDxe.dll.OJXLpo.ltrans0.ltrans.o
 .rodata.UsbHcUnlinkMemBlock.str1.1
                0x0000000000006528       0x77 /tmp/UhciDxe.dll.OJXLpo.ltrans0.ltrans.o
 .rodata.UsbHcGetPciAddressForHostMem.str1.1
                0x000000000000659f       0x77 /tmp/UhciDxe.dll.OJXLpo.ltrans0.ltrans.o
                                         0x18 (size before relaxing)
 .rodata.UsbHcAllocMemFromBlock.str1.1
                0x000000000000659f       0x72 /tmp/UhciDxe.dll.OJXLpo.ltrans0.ltrans.o
 .rodata.UsbHcFreeMemBlock.str1.1
                0x0000000000006611       0x32 /tmp/UhciDxe.dll.OJXLpo.ltrans0.ltrans.o
 .rodata.UsbHcFreeMem.str1.1
                0x0000000000006643       0x16 /tmp/UhciDxe.dll.OJXLpo.ltrans0.ltrans.o
                                         0x6a (size before relaxing)
 .rodata.UsbHcFreeMemPool.str1.1
                0x0000000000006659       0x1b /tmp/UhciDxe.dll.OJXLpo.ltrans0.ltrans.o
 .rodata.UhciAppendTd.str1.1
                0x0000000000006674       0x73 /tmp/UhciDxe.dll.OJXLpo.ltrans0.ltrans.o
 .rodata.UhciUnlinkTdFromQh.str1.1
                0x00000000000066e7       0x2d /tmp/UhciDxe.dll.OJXLpo.ltrans0.ltrans.o
 .rodata.UhciFreeAsyncReq.str1.1
                0x0000000000006714       0x72 /tmp/UhciDxe.dll.OJXLpo.ltrans0.ltrans.o
 .rodata.UhciUnlinkAsyncReq.str1.1
                0x0000000000006786       0x77 /tmp/UhciDxe.dll.OJXLpo.ltrans0.ltrans.o
 .rodata.UhciFreeAllAsyncReq.str1.1
                0x00000000000067fd       0x15 /tmp/UhciDxe.dll.OJXLpo.ltrans0.ltrans.o
 .rodata.UhciConvertPollRate.str1.1
                0x0000000000006812        0xe /tmp/UhciDxe.dll.OJXLpo.ltrans0.ltrans.o
 .rodata.FreePool.str1.1
                0x0000000000006820       0x48 /tmp/UhciDxe.dll.OJXLpo.ltrans0.ltrans.o
 .rodata.UhciWriteReg.str1.1
                0x0000000000006868       0x35 /tmp/UhciDxe.dll.OJXLpo.ltrans0.ltrans.o
 .rodata.UhciReadReg.str1.1
                0x000000000000689d       0x33 /tmp/UhciDxe.dll.OJXLpo.ltrans0.ltrans.o
 .rodata.UhciDriverBindingStop.str1.1
                0x00000000000068d0       0x39 /tmp/UhciDxe.dll.OJXLpo.ltrans0.ltrans.o
 .rodata.Uhci2GetCapability.str1.1
                0x0000000000006909       0x1e /tmp/UhciDxe.dll.OJXLpo.ltrans0.ltrans.o
 .rodata.Uhci2GetRootHubPortStatus.str1.1
                0x0000000000006927       0x31 /tmp/UhciDxe.dll.OJXLpo.ltrans0.ltrans.o
 .rodata.Uhci2ClearRootHubPortFeature
                0x0000000000006958       0x50 /tmp/UhciDxe.dll.OJXLpo.ltrans0.ltrans.o
 .rodata.UhciIsHcWorking.str1.1
                0x00000000000069a8       0x2a /tmp/UhciDxe.dll.OJXLpo.ltrans0.ltrans.o
 .rodata.UhciAckAllInterrupt.str1.1
                0x00000000000069d2       0x3b /tmp/UhciDxe.dll.OJXLpo.ltrans0.ltrans.o
 .rodata.UhciDumpTds.str1.1
                0x0000000000006a0d      0x175 /tmp/UhciDxe.dll.OJXLpo.ltrans0.ltrans.o
 .rodata.UhciDumpQh.str1.1
                0x0000000000006b82       0x73 /tmp/UhciDxe.dll.OJXLpo.ltrans0.ltrans.o
 .rodata.UhciCheckTdStatus.str1.1
                0x0000000000006bf5       0x2f /tmp/UhciDxe.dll.OJXLpo.ltrans0.ltrans.o
 .rodata.UhciExecuteTransfer.str1.1
                0x0000000000006c24       0x6c /tmp/UhciDxe.dll.OJXLpo.ltrans0.ltrans.o
 .rodata.AddUnicodeString2.constprop.0.str1.1
                0x0000000000006c90       0x3a /tmp/UhciDxe.dll.OJXLpo.ltrans0.ltrans.o
 .rodata.AddUnicodeString2.constprop.0.str2.2
                0x0000000000006cca       0x3c /tmp/UhciDxe.dll.OJXLpo.ltrans0.ltrans.o
 .rodata.ZeroMem.part.0.str1.1
                0x0000000000006d06       0x79 /tmp/UhciDxe.dll.OJXLpo.ltrans0.ltrans.o
 .rodata.UhciComponentNameGetControllerName.str1.1
                0x0000000000006d7f       0x42 /tmp/UhciDxe.dll.OJXLpo.ltrans0.ltrans.o
 .rodata.UsbHcAllocateMem.str1.1
                0x0000000000006dc1       0x5e /tmp/UhciDxe.dll.OJXLpo.ltrans0.ltrans.o
                                         0x73 (size before relaxing)
 .rodata.UhciCreateDataTd.str1.1
                0x0000000000006e1f        0xd /tmp/UhciDxe.dll.OJXLpo.ltrans0.ltrans.o
 .rodata.Uhci2AsyncInterruptTransfer.str1.1
                0x0000000000006e2c       0x42 /tmp/UhciDxe.dll.OJXLpo.ltrans0.ltrans.o
 .rodata.UhciInitFrameList.str1.1
                0x0000000000006e6e       0x34 /tmp/UhciDxe.dll.OJXLpo.ltrans0.ltrans.o
 .rodata.UhciDriverBindingStart.str1.1
                0x0000000000006ea2        0x4 /tmp/UhciDxe.dll.OJXLpo.ltrans0.ltrans.o
                                          0x7 (size before relaxing)
 .rodata._ModuleEntryPoint.str1.1
                0x0000000000006ea6      0x139 /tmp/UhciDxe.dll.OJXLpo.ltrans0.ltrans.o
 .rodata.str1.1
                0x0000000000006fdf        0x7 /tmp/UhciDxe.dll.OJXLpo.ltrans0.ltrans.o
 .rodata.str2.2
                0x0000000000006fe6       0x20 /tmp/UhciDxe.dll.OJXLpo.ltrans0.ltrans.o
 *fill*         0x0000000000007006        0xa 
 .rodata.mHexStr
                0x0000000000007010       0x10 /tmp/UhciDxe.dll.OJXLpo.ltrans0.ltrans.o
 .rodata.mWarningString
                0x0000000000007020       0x96 /tmp/UhciDxe.dll.OJXLpo.ltrans0.ltrans.o
 *fill*         0x00000000000070b6        0xa 
 .rodata.mErrorString
                0x00000000000070c0      0x2b5 /tmp/UhciDxe.dll.OJXLpo.ltrans0.ltrans.o
 *(.got .got.*)
 .got           0x0000000000007375        0x0 UhciSched.obj (symbol from plugin)
 .got.plt       0x0000000000007375        0x0 UhciSched.obj (symbol from plugin)
 *:AutoGen.obj(.data.g*Guid)

.plt            0x0000000000007380        0x0
 .plt           0x0000000000007380        0x0 UhciSched.obj (symbol from plugin)

.plt.got        0x0000000000007378        0x0
 .plt.got       0x0000000000007378        0x0 UhciSched.obj (symbol from plugin)

.data           0x0000000000007380      0x128
 *(.data .data.* .gnu.linkonce.d.*)
 .data.gEfiEventExitBootServicesGuid
                0x0000000000007380       0x10 /tmp/UhciDxe.dll.OJXLpo.ltrans0.ltrans.o
 .data.gEfiDevicePathProtocolGuid
                0x0000000000007390       0x10 /tmp/UhciDxe.dll.OJXLpo.ltrans0.ltrans.o
 .data.rel.local.mUhciDriverNameTable
                0x00000000000073a0       0x20 /tmp/UhciDxe.dll.OJXLpo.ltrans0.ltrans.o
 .data.gEfiUsb2HcProtocolGuid
                0x00000000000073c0       0x10 /tmp/UhciDxe.dll.OJXLpo.ltrans0.ltrans.o
 .data.gEfiPciIoProtocolGuid
                0x00000000000073d0       0x10 /tmp/UhciDxe.dll.OJXLpo.ltrans0.ltrans.o
 .data.gEfiComponentNameProtocolGuid
                0x00000000000073e0       0x10 /tmp/UhciDxe.dll.OJXLpo.ltrans0.ltrans.o
 .data.gEfiDriverBindingProtocolGuid
                0x00000000000073f0       0x10 /tmp/UhciDxe.dll.OJXLpo.ltrans0.ltrans.o
 .data.rel.local.gUhciComponentName2
                0x0000000000007400       0x18 /tmp/UhciDxe.dll.OJXLpo.ltrans0.ltrans.o
 *fill*         0x0000000000007418        0x8 
 .data.rel.local.gUhciComponentName
                0x0000000000007420       0x18 /tmp/UhciDxe.dll.OJXLpo.ltrans0.ltrans.o
 *fill*         0x0000000000007438        0x8 
 .data.rel.local.gUhciDriverBinding
                0x0000000000007440       0x30 /tmp/UhciDxe.dll.OJXLpo.ltrans0.ltrans.o
 .data.rel.ro   0x0000000000007470        0x0 UhciSched.obj (symbol from plugin)
 *(.bss .bss.*)
 .bss.mExitBootServicesEvent
                0x0000000000007470        0x8 /tmp/UhciDxe.dll.OJXLpo.ltrans0.ltrans.o
 .bss.gST       0x0000000000007478        0x8 /tmp/UhciDxe.dll.OJXLpo.ltrans0.ltrans.o
 .bss.gImageHandle
                0x0000000000007480        0x8 /tmp/UhciDxe.dll.OJXLpo.ltrans0.ltrans.o
 .bss.gRT       0x0000000000007488        0x8 /tmp/UhciDxe.dll.OJXLpo.ltrans0.ltrans.o
 .bss.mDebugST  0x0000000000007490        0x8 /tmp/UhciDxe.dll.OJXLpo.ltrans0.ltrans.o
 .bss.mPostEBS  0x0000000000007498        0x1 /tmp/UhciDxe.dll.OJXLpo.ltrans0.ltrans.o
 *fill*         0x0000000000007499        0x7 
 .bss.gBS       0x00000000000074a0        0x8 /tmp/UhciDxe.dll.OJXLpo.ltrans0.ltrans.o

.eh_frame       0x00000000000074c0        0x0
 *(.eh_frame)
 .eh_frame      0x00000000000074c0        0x0 UhciSched.obj (symbol from plugin)
 .eh_frame      0x00000000000074c0        0x0 UhciSched.obj (symbol from plugin)

.dynbss         0x00000000000074c0        0x0
 .dynbss        0x00000000000074c0        0x0 UhciSched.obj (symbol from plugin)

.gnu.version_d  0x00000000000074c0        0x0
 .gnu.version_d
                0x00000000000074c0        0x0 UhciSched.obj (symbol from plugin)

.gnu.version    0x00000000000074c0        0x0
 .gnu.version   0x00000000000074c0        0x0 UhciSched.obj (symbol from plugin)

.gnu.version_r  0x00000000000074c0        0x0
 .gnu.version_r
                0x00000000000074c0        0x0 UhciSched.obj (symbol from plugin)

.rela           0x00000000000074c0      0x108
 *(.rela .rela.*)
 .rela.plt      0x00000000000074c0        0x0 UhciSched.obj (symbol from plugin)
 .rela.got      0x00000000000074c0        0x0 UhciSched.obj (symbol from plugin)
 .rela.bss      0x00000000000074c0        0x0 UhciSched.obj (symbol from plugin)
 .rela.data.rel.ro
                0x00000000000074c0        0x0 UhciSched.obj (symbol from plugin)
 .rela.ifunc    0x00000000000074c0        0x0 UhciSched.obj (symbol from plugin)
 .rela.data.rel.local.mUhciDriverNameTable
                0x00000000000074c0       0x30 UhciSched.obj (symbol from plugin)
 .rela.data.rel.local.gUhciComponentName2
                0x00000000000074f0       0x48 UhciSched.obj (symbol from plugin)
 .rela.data.rel.local.gUhciComponentName
                0x0000000000007538       0x48 UhciSched.obj (symbol from plugin)
 .rela.data.rel.local.gUhciDriverBinding
                0x0000000000007580       0x48 UhciSched.obj (symbol from plugin)

.hii
 *(.hii)

.build-id       0x00000000000075c8       0x24
 *(.note.gnu.build-id)
 .note.gnu.build-id
                0x00000000000075c8       0x24 UhciSched.obj (symbol from plugin)

/DISCARD/
 *(.note.GNU-stack)
 *(.gnu_debuglink)
 *(.interp)
 *(.dynsym)
 *(.dynstr)
 *(.dynamic)
 *(.hash .gnu.hash)
 *(.comment)
OUTPUT(/home/evgen/src/edk2/Build/MdeModule/DEBUG_GCC5/X64/MdeModulePkg/Bus/Pci/UhciDxe/UhciDxe/DEBUG/UhciDxe.dll elf64-x86-64)

.debug_info     0x0000000000000000    0x38b38
 .debug_info    0x0000000000000000     0x6ded /tmp/UhciDxe.dll.OJXLpo.ltrans0.ltrans.o
 .debug_info    0x0000000000006ded     0x323a /tmp/ccmTIcVk.debug.temp.o
                0x0000000000006ded                UhciSched.c.628069c9
 .debug_info    0x000000000000a027     0x1ece /tmp/ccRUMVan.debug.temp.o
                0x000000000000a027                UhciDebug.c.3a6f1aaa
 .debug_info    0x000000000000bef5     0x31c4 /tmp/ccCRaXRk.debug.temp.o
                0x000000000000bef5                UhciQueue.c.c085972e
 .debug_info    0x000000000000f0b9     0x2e60 /tmp/ccQjmbrl.debug.temp.o
                0x000000000000f0b9                UhciReg.c.eeb3349d
 .debug_info    0x0000000000011f19     0x2619 /tmp/ccYBeXom.debug.temp.o
                0x0000000000011f19                UsbHcMem.c.dd612887
 .debug_info    0x0000000000014532     0x3879 /tmp/ccylMCJn.debug.temp.o
                0x0000000000014532                Uhci.c.18fdae96
 .debug_info    0x0000000000017dab     0x2d55 /tmp/ccfcKaGn.debug.temp.o
                0x0000000000017dab                ComponentName.c.7a484b0d
 .debug_info    0x000000000001ab00     0x1d00 /tmp/ccXzKwOo.debug.temp.o
                0x000000000001ab00                AutoGen.c.8f5151b4
 .debug_info    0x000000000001c800      0x90e /tmp/ccec5ALm.debug.temp.o
                0x000000000001c800                PcdLib.c.8484e65c
 .debug_info    0x000000000001d10e      0x1db /tmp/ccwwOywo.debug.temp.o
                0x000000000001d10e                SetMem.c.b80a1192
 .debug_info    0x000000000001d2e9      0x17a /tmp/cc7UZPvm.debug.temp.o
                0x000000000001d2e9                ZeroMemWrapper.c.3fe6d6b9
 .debug_info    0x000000000001d463      0x1a3 /tmp/ccoXZnbm.debug.temp.o
                0x000000000001d463                CompareMemWrapper.c.8503700e
 .debug_info    0x000000000001d606      0x18d /tmp/cc0p2wjo.debug.temp.o
                0x000000000001d606                CopyMemWrapper.c.cba1bec2
 .debug_info    0x000000000001d793      0x3f1 /tmp/ccbYGqjo.debug.temp.o
                0x000000000001d793                MemLibGeneric.c.08f9a7ce
 .debug_info    0x000000000001db84      0x21b /tmp/cc7yGI6m.debug.temp.o
                0x000000000001db84                CopyMem.c.94d6dd13
 .debug_info    0x000000000001dd9f      0x238 /tmp/ccjWrHxk.debug.temp.o
                0x000000000001dd9f                SwitchStack.c.9a9905f6
 .debug_info    0x000000000001dfd7      0x2b1 /tmp/ccGt1ldm.debug.temp.o
                0x000000000001dfd7                LongJump.c.6a8b5fb7
 .debug_info    0x000000000001e288      0x2a5 /tmp/ccNpSHKn.debug.temp.o
                0x000000000001e288                SetJump.c.7f5615ef
 .debug_info    0x000000000001e52d      0x1db /tmp/cchvnGAl.debug.temp.o
                0x000000000001e52d                RShiftU64.c.97d6747c
 .debug_info    0x000000000001e708      0x1db /tmp/ccWXN8Ok.debug.temp.o
                0x000000000001e708                MultU64x32.c.e4c1d694
 .debug_info    0x000000000001e8e3      0x1db /tmp/ccVApaMn.debug.temp.o
                0x000000000001e8e3                MultS64x64.c.4397be3e
 .debug_info    0x000000000001eabe      0x1db /tmp/ccUjJYtk.debug.temp.o
                0x000000000001eabe                LShiftU64.c.7cef31b7
 .debug_info    0x000000000001ec99      0x1e5 /tmp/ccIcoXBm.debug.temp.o
                0x000000000001ec99                DivU64x32Remainder.c.4c6ad3f4
 .debug_info    0x000000000001ee7e      0x1d0 /tmp/ccNnXsmk.debug.temp.o
                0x000000000001ee7e                CpuDeadLoop.c.c0c1cfb5
 .debug_info    0x000000000001f04e      0x425 /tmp/ccTkw3Rm.debug.temp.o
                0x000000000001f04e                LinkedList.c.9cda0919
 .debug_info    0x000000000001f473     0x1004 /tmp/cccYCd8k.debug.temp.o
                0x000000000001f473                SafeString.c.b06ac670
 .debug_info    0x0000000000020477      0x7f3 /tmp/cc4w2RRo.debug.temp.o
                0x0000000000020477                String.c.78b458cf
 .debug_info    0x0000000000020c6a      0x43c /tmp/ccqBVljk.debug.temp.o
                0x0000000000020c6a                Math64.c.7682f8d9
 .debug_info    0x00000000000210a6      0x2f0 /tmp/ccViLvQn.debug.temp.o
                0x00000000000210a6                Unaligned.c.710070f0
 .debug_info    0x0000000000021396      0x458 /tmp/ccEstBfo.debug.temp.o
                0x0000000000021396                GccInline.c.6af18b7f
 .debug_info    0x00000000000217ee      0x18d /tmp/ccYfm1Kn.debug.temp.o
                0x00000000000217ee                BaseDebugPrintErrorLevelLib.c.7d67847a
 .debug_info    0x000000000002197b      0x763 /tmp/ccTWnRlk.debug.temp.o
                0x000000000002197b                PrintLibInternal.c.501624d1
 .debug_info    0x00000000000220de      0x658 /tmp/cce8ak7m.debug.temp.o
                0x00000000000220de                PrintLib.c.8e0498bf
 .debug_info    0x0000000000022736     0x1ab8 /tmp/cccJEu6m.debug.temp.o
                0x0000000000022736                DebugLib.c.77ca1208
 .debug_info    0x00000000000241ee     0x1952 /tmp/ccYw4Kqk.debug.temp.o
                0x00000000000241ee                DebugLibConstructor.c.2ac88e21
 .debug_info    0x0000000000025b40     0x18e1 /tmp/ccbe4X4l.debug.temp.o
                0x0000000000025b40                UefiBootServicesTableLib.c.005e68e3
 .debug_info    0x0000000000027421     0x1de1 /tmp/ccvcUi4m.debug.temp.o
                0x0000000000027421                MemoryAllocationLib.c.a3a8cbdb
 .debug_info    0x0000000000029202     0x18b2 /tmp/ccxrzZtm.debug.temp.o
                0x0000000000029202                UefiRuntimeServicesTableLib.c.c15b8f93
 .debug_info    0x000000000002aab4     0x1d7d /tmp/cc9F4gBn.debug.temp.o
                0x000000000002aab4                DevicePathUtilities.c.70330c26
 .debug_info    0x000000000002c831     0x3d2b /tmp/ccF4Ei2n.debug.temp.o
                0x000000000002c831                DevicePathToText.c.fb6e5c8a
 .debug_info    0x000000000003055c     0x1c06 /tmp/ccWz7hyl.debug.temp.o
                0x000000000003055c                UefiNotTiano.c.d85a1746
 .debug_info    0x0000000000032162     0x2307 /tmp/cct87ioo.debug.temp.o
                0x0000000000032162                UefiDriverModel.c.ece522cd
 .debug_info    0x0000000000034469     0x2777 /tmp/ccdbiuYl.debug.temp.o
                0x0000000000034469                UefiLib.c.2ec4cccf
 .debug_info    0x0000000000036be0     0x1a57 /tmp/ccwFVzBl.debug.temp.o
                0x0000000000036be0                DriverEntryPoint.c.26a3d4b3
 .debug_info    0x0000000000038637      0x501 /tmp/ccWZO7Pn.debug.temp.o
                0x0000000000038637                BaseReportStatusCodeLib.c.3ad6e999

.debug_abbrev   0x0000000000000000     0x4552
 .debug_abbrev  0x0000000000000000      0x252 /tmp/UhciDxe.dll.OJXLpo.ltrans0.ltrans.o
 .debug_abbrev  0x0000000000000252      0x2c2 /tmp/ccmTIcVk.debug.temp.o
 .debug_abbrev  0x0000000000000514      0x1fc /tmp/ccRUMVan.debug.temp.o
 .debug_abbrev  0x0000000000000710      0x2be /tmp/ccCRaXRk.debug.temp.o
 .debug_abbrev  0x00000000000009ce      0x244 /tmp/ccQjmbrl.debug.temp.o
 .debug_abbrev  0x0000000000000c12      0x28b /tmp/ccYBeXom.debug.temp.o
 .debug_abbrev  0x0000000000000e9d      0x2bc /tmp/ccylMCJn.debug.temp.o
 .debug_abbrev  0x0000000000001159      0x240 /tmp/ccfcKaGn.debug.temp.o
 .debug_abbrev  0x0000000000001399      0x234 /tmp/ccXzKwOo.debug.temp.o
 .debug_abbrev  0x00000000000015cd      0x177 /tmp/ccec5ALm.debug.temp.o
 .debug_abbrev  0x0000000000001744       0xc9 /tmp/ccwwOywo.debug.temp.o
 .debug_abbrev  0x000000000000180d       0xb1 /tmp/cc7UZPvm.debug.temp.o
 .debug_abbrev  0x00000000000018be       0xaf /tmp/ccoXZnbm.debug.temp.o
 .debug_abbrev  0x000000000000196d       0xb6 /tmp/cc0p2wjo.debug.temp.o
 .debug_abbrev  0x0000000000001a23      0x114 /tmp/ccbYGqjo.debug.temp.o
 .debug_abbrev  0x0000000000001b37       0xd5 /tmp/cc7yGI6m.debug.temp.o
 .debug_abbrev  0x0000000000001c0c       0xf4 /tmp/ccjWrHxk.debug.temp.o
 .debug_abbrev  0x0000000000001d00       0xd1 /tmp/ccGt1ldm.debug.temp.o
 .debug_abbrev  0x0000000000001dd1       0xd1 /tmp/ccNpSHKn.debug.temp.o
 .debug_abbrev  0x0000000000001ea2       0xb1 /tmp/cchvnGAl.debug.temp.o
 .debug_abbrev  0x0000000000001f53       0xc0 /tmp/ccWXN8Ok.debug.temp.o
 .debug_abbrev  0x0000000000002013       0xb1 /tmp/ccVApaMn.debug.temp.o
 .debug_abbrev  0x00000000000020c4       0xb1 /tmp/ccUjJYtk.debug.temp.o
 .debug_abbrev  0x0000000000002175       0xb3 /tmp/ccIcoXBm.debug.temp.o
 .debug_abbrev  0x0000000000002228       0xb6 /tmp/ccNnXsmk.debug.temp.o
 .debug_abbrev  0x00000000000022de      0x128 /tmp/ccTkw3Rm.debug.temp.o
 .debug_abbrev  0x0000000000002406      0x138 /tmp/cccYCd8k.debug.temp.o
 .debug_abbrev  0x000000000000253e      0x126 /tmp/cc4w2RRo.debug.temp.o
 .debug_abbrev  0x0000000000002664       0xf9 /tmp/ccqBVljk.debug.temp.o
 .debug_abbrev  0x000000000000275d       0xb3 /tmp/ccViLvQn.debug.temp.o
 .debug_abbrev  0x0000000000002810      0x164 /tmp/ccEstBfo.debug.temp.o
 .debug_abbrev  0x0000000000002974       0xc6 /tmp/ccYfm1Kn.debug.temp.o
 .debug_abbrev  0x0000000000002a3a      0x149 /tmp/ccTWnRlk.debug.temp.o
 .debug_abbrev  0x0000000000002b83      0x138 /tmp/cce8ak7m.debug.temp.o
 .debug_abbrev  0x0000000000002cbb      0x225 /tmp/cccJEu6m.debug.temp.o
 .debug_abbrev  0x0000000000002ee0      0x1e5 /tmp/ccYw4Kqk.debug.temp.o
 .debug_abbrev  0x00000000000030c5      0x1dd /tmp/ccbe4X4l.debug.temp.o
 .debug_abbrev  0x00000000000032a2      0x242 /tmp/ccvcUi4m.debug.temp.o
 .debug_abbrev  0x00000000000034e4      0x1c3 /tmp/ccxrzZtm.debug.temp.o
 .debug_abbrev  0x00000000000036a7      0x240 /tmp/cc9F4gBn.debug.temp.o
 .debug_abbrev  0x00000000000038e7      0x2b9 /tmp/ccF4Ei2n.debug.temp.o
 .debug_abbrev  0x0000000000003ba0      0x233 /tmp/ccWz7hyl.debug.temp.o
 .debug_abbrev  0x0000000000003dd3      0x21c /tmp/cct87ioo.debug.temp.o
 .debug_abbrev  0x0000000000003fef      0x256 /tmp/ccdbiuYl.debug.temp.o
 .debug_abbrev  0x0000000000004245      0x1e9 /tmp/ccwFVzBl.debug.temp.o
 .debug_abbrev  0x000000000000442e      0x124 /tmp/ccWZO7Pn.debug.temp.o

.debug_loc      0x0000000000000000     0xcad4
 .debug_loc     0x0000000000000000     0xcad4 /tmp/UhciDxe.dll.OJXLpo.ltrans0.ltrans.o

.debug_aranges  0x0000000000000000      0x590
 .debug_aranges
                0x0000000000000000      0x590 /tmp/UhciDxe.dll.OJXLpo.ltrans0.ltrans.o

.debug_ranges   0x0000000000000000     0x1580
 .debug_ranges  0x0000000000000000     0x1580 /tmp/UhciDxe.dll.OJXLpo.ltrans0.ltrans.o

.debug_line     0x0000000000000000     0xb38b
 .debug_line    0x0000000000000000     0x540e /tmp/UhciDxe.dll.OJXLpo.ltrans0.ltrans.o
 .debug_line    0x000000000000540e      0x3f0 /tmp/ccmTIcVk.debug.temp.o
 .debug_line    0x00000000000057fe      0x365 /tmp/ccRUMVan.debug.temp.o
 .debug_line    0x0000000000005b63      0x3f0 /tmp/ccCRaXRk.debug.temp.o
 .debug_line    0x0000000000005f53      0x3ee /tmp/ccQjmbrl.debug.temp.o
 .debug_line    0x0000000000006341      0x36e /tmp/ccYBeXom.debug.temp.o
 .debug_line    0x00000000000066af      0x3eb /tmp/ccylMCJn.debug.temp.o
 .debug_line    0x0000000000006a9a      0x3f4 /tmp/ccfcKaGn.debug.temp.o
 .debug_line    0x0000000000006e8e      0x29a /tmp/ccXzKwOo.debug.temp.o
 .debug_line    0x0000000000007128      0x172 /tmp/ccec5ALm.debug.temp.o
 .debug_line    0x000000000000729a      0x137 /tmp/ccwwOywo.debug.temp.o
 .debug_line    0x00000000000073d1      0x13f /tmp/cc7UZPvm.debug.temp.o
 .debug_line    0x0000000000007510      0x142 /tmp/ccoXZnbm.debug.temp.o
 .debug_line    0x0000000000007652      0x13f /tmp/cc0p2wjo.debug.temp.o
 .debug_line    0x0000000000007791      0x13e /tmp/ccbYGqjo.debug.temp.o
 .debug_line    0x00000000000078cf      0x138 /tmp/cc7yGI6m.debug.temp.o
 .debug_line    0x0000000000007a07      0x163 /tmp/ccjWrHxk.debug.temp.o
 .debug_line    0x0000000000007b6a      0x160 /tmp/ccGt1ldm.debug.temp.o
 .debug_line    0x0000000000007cca      0x15f /tmp/ccNpSHKn.debug.temp.o
 .debug_line    0x0000000000007e29      0x128 /tmp/cchvnGAl.debug.temp.o
 .debug_line    0x0000000000007f51      0x129 /tmp/ccWXN8Ok.debug.temp.o
 .debug_line    0x000000000000807a      0x129 /tmp/ccVApaMn.debug.temp.o
 .debug_line    0x00000000000081a3      0x128 /tmp/ccUjJYtk.debug.temp.o
 .debug_line    0x00000000000082cb      0x131 /tmp/ccIcoXBm.debug.temp.o
 .debug_line    0x00000000000083fc      0x12a /tmp/ccNnXsmk.debug.temp.o
 .debug_line    0x0000000000008526      0x129 /tmp/ccTkw3Rm.debug.temp.o
 .debug_line    0x000000000000864f      0x129 /tmp/cccYCd8k.debug.temp.o
 .debug_line    0x0000000000008778      0x125 /tmp/cc4w2RRo.debug.temp.o
 .debug_line    0x000000000000889d      0x125 /tmp/ccqBVljk.debug.temp.o
 .debug_line    0x00000000000089c2      0x128 /tmp/ccViLvQn.debug.temp.o
 .debug_line    0x0000000000008aea      0x165 /tmp/ccEstBfo.debug.temp.o
 .debug_line    0x0000000000008c4f      0x176 /tmp/ccYfm1Kn.debug.temp.o
 .debug_line    0x0000000000008dc5      0x154 /tmp/ccTWnRlk.debug.temp.o
 .debug_line    0x0000000000008f19      0x136 /tmp/cce8ak7m.debug.temp.o
 .debug_line    0x000000000000904f      0x27e /tmp/cccJEu6m.debug.temp.o
 .debug_line    0x00000000000092cd      0x289 /tmp/ccYw4Kqk.debug.temp.o
 .debug_line    0x0000000000009556      0x2ea /tmp/ccbe4X4l.debug.temp.o
 .debug_line    0x0000000000009840      0x2e2 /tmp/ccvcUi4m.debug.temp.o
 .debug_line    0x0000000000009b22      0x2ac /tmp/ccxrzZtm.debug.temp.o
 .debug_line    0x0000000000009dce      0x326 /tmp/cc9F4gBn.debug.temp.o
 .debug_line    0x000000000000a0f4      0x37e /tmp/ccF4Ei2n.debug.temp.o
 .debug_line    0x000000000000a472      0x2fb /tmp/ccWz7hyl.debug.temp.o
 .debug_line    0x000000000000a76d      0x39a /tmp/cct87ioo.debug.temp.o
 .debug_line    0x000000000000ab07      0x319 /tmp/ccdbiuYl.debug.temp.o
 .debug_line    0x000000000000ae20      0x301 /tmp/ccwFVzBl.debug.temp.o
 .debug_line    0x000000000000b121      0x26a /tmp/ccWZO7Pn.debug.temp.o

.debug_str      0x0000000000000000     0x7a0a
 .debug_str     0x0000000000000000      0x1cd /tmp/UhciDxe.dll.OJXLpo.ltrans0.ltrans.o
                                        0x1df (size before relaxing)
 .debug_str     0x00000000000001cd     0x2696 /tmp/ccmTIcVk.debug.temp.o
                                       0x2af7 (size before relaxing)
 .debug_str     0x0000000000002863       0x5d /tmp/ccRUMVan.debug.temp.o
                                       0x1c24 (size before relaxing)
 .debug_str     0x00000000000028c0      0x19e /tmp/ccCRaXRk.debug.temp.o
                                       0x2a9b (size before relaxing)
 .debug_str     0x0000000000002a5e       0xea /tmp/ccQjmbrl.debug.temp.o
                                       0x29ac (size before relaxing)
 .debug_str     0x0000000000002b48      0x172 /tmp/ccYBeXom.debug.temp.o
                                       0x2221 (size before relaxing)
 .debug_str     0x0000000000002cba      0x42a /tmp/ccylMCJn.debug.temp.o
                                       0x2db2 (size before relaxing)
 .debug_str     0x00000000000030e4       0xa1 /tmp/ccfcKaGn.debug.temp.o
                                       0x2982 (size before relaxing)
 .debug_str     0x0000000000003185      0x3ec /tmp/ccXzKwOo.debug.temp.o
                                       0x1ba9 (size before relaxing)
 .debug_str     0x0000000000003571      0x3cd /tmp/ccec5ALm.debug.temp.o
                                        0x65f (size before relaxing)
 .debug_str     0x000000000000393e       0xd9 /tmp/ccwwOywo.debug.temp.o
                                        0x33a (size before relaxing)
 .debug_str     0x0000000000003a17       0x43 /tmp/cc7UZPvm.debug.temp.o
                                        0x30d (size before relaxing)
 .debug_str     0x0000000000003a5a       0x65 /tmp/ccoXZnbm.debug.temp.o
                                        0x336 (size before relaxing)
 .debug_str     0x0000000000003abf       0x43 /tmp/cc0p2wjo.debug.temp.o
                                        0x325 (size before relaxing)
 .debug_str     0x0000000000003b02      0x11d /tmp/ccbYGqjo.debug.temp.o
                                        0x422 (size before relaxing)
 .debug_str     0x0000000000003c1f       0x9c /tmp/cc7yGI6m.debug.temp.o
                                        0x36e (size before relaxing)
 .debug_str     0x0000000000003cbb       0xea /tmp/ccjWrHxk.debug.temp.o
                                        0x485 (size before relaxing)
 .debug_str     0x0000000000003da5       0x69 /tmp/ccGt1ldm.debug.temp.o
                                        0x456 (size before relaxing)
 .debug_str     0x0000000000003e0e       0x4f /tmp/ccNpSHKn.debug.temp.o
                                        0x45f (size before relaxing)
 .debug_str     0x0000000000003e5d       0x40 /tmp/cchvnGAl.debug.temp.o
                                        0x42c (size before relaxing)
 .debug_str     0x0000000000003e9d       0x51 /tmp/ccWXN8Ok.debug.temp.o
                                        0x439 (size before relaxing)
 .debug_str     0x0000000000003eee       0x44 /tmp/ccVApaMn.debug.temp.o
                                        0x438 (size before relaxing)
 .debug_str     0x0000000000003f32       0x38 /tmp/ccUjJYtk.debug.temp.o
                                        0x42c (size before relaxing)
 .debug_str     0x0000000000003f6a       0x65 /tmp/ccIcoXBm.debug.temp.o
                                        0x445 (size before relaxing)
 .debug_str     0x0000000000003fcf       0x46 /tmp/ccNnXsmk.debug.temp.o
                                        0x428 (size before relaxing)
 .debug_str     0x0000000000004015      0x111 /tmp/ccTkw3Rm.debug.temp.o
                                        0x538 (size before relaxing)
 .debug_str     0x0000000000004126      0x2d5 /tmp/cccYCd8k.debug.temp.o
                                        0x7f4 (size before relaxing)
 .debug_str     0x00000000000043fb      0x2de /tmp/cc4w2RRo.debug.temp.o
                                        0x7a9 (size before relaxing)
 .debug_str     0x00000000000046d9      0x17e /tmp/ccqBVljk.debug.temp.o
                                        0x5a6 (size before relaxing)
 .debug_str     0x0000000000004857       0xbc /tmp/ccViLvQn.debug.temp.o
                                        0x49f (size before relaxing)
 .debug_str     0x0000000000004913      0x175 /tmp/ccEstBfo.debug.temp.o
                                        0x56a (size before relaxing)
 .debug_str     0x0000000000004a88      0x109 /tmp/ccYfm1Kn.debug.temp.o
                                        0x3a7 (size before relaxing)
 .debug_str     0x0000000000004b91      0x2d2 /tmp/ccTWnRlk.debug.temp.o
                                        0x6b0 (size before relaxing)
 .debug_str     0x0000000000004e63      0x183 /tmp/cce8ak7m.debug.temp.o
                                        0x546 (size before relaxing)
 .debug_str     0x0000000000004fe6      0x185 /tmp/cccJEu6m.debug.temp.o
                                       0x16e0 (size before relaxing)
 .debug_str     0x000000000000516b       0xaa /tmp/ccYw4Kqk.debug.temp.o
                                       0x1629 (size before relaxing)
 .debug_str     0x0000000000005215       0xf1 /tmp/ccbe4X4l.debug.temp.o
                                       0x1557 (size before relaxing)
 .debug_str     0x0000000000005306      0x2f4 /tmp/ccvcUi4m.debug.temp.o
                                       0x17c3 (size before relaxing)
 .debug_str     0x00000000000055fa      0x100 /tmp/ccxrzZtm.debug.temp.o
                                       0x1559 (size before relaxing)
 .debug_str     0x00000000000056fa      0x3ed /tmp/cc9F4gBn.debug.temp.o
                                       0x195e (size before relaxing)
 .debug_str     0x0000000000005ae7      0xe2d /tmp/ccF4Ei2n.debug.temp.o
                                       0x25b3 (size before relaxing)
 .debug_str     0x0000000000006914      0x219 /tmp/ccWz7hyl.debug.temp.o
                                       0x1a59 (size before relaxing)
 .debug_str     0x0000000000006b2d      0x547 /tmp/cct87ioo.debug.temp.o
                                       0x2094 (size before relaxing)
 .debug_str     0x0000000000007074      0x5da /tmp/ccdbiuYl.debug.temp.o
                                       0x2078 (size before relaxing)
 .debug_str     0x000000000000764e      0x171 /tmp/ccwFVzBl.debug.temp.o
                                       0x167a (size before relaxing)
 .debug_str     0x00000000000077bf      0x24b /tmp/ccWZO7Pn.debug.temp.o
                                        0x67a (size before relaxing)

.debug_frame    0x0000000000000000     0x19a8
 .debug_frame   0x0000000000000000     0x19a8 /tmp/UhciDxe.dll.OJXLpo.ltrans0.ltrans.o
